Experiment: 2026-02-10_13-13-34_mfc_backward_regression
Started: 2026-02-10T13:13:34.265943
======================================================================

======================================================================
MFC Configuration (Iterative Backward Regression)
======================================================================
  Physics:    T=1.0, N=50, σ=1.0, dim=1
  Target:     N(1.0, 1.0)
  Target Score: mode=learned
  Initial:    dirac at 0.0
----------------------------------------------------------------------
  Model:      hidden=64, layers=3, time_emb=16
  Training:   100 iterations × 100 epochs, batch=4096, lr=0.001
  Polyak τ:   0.5
  λ (terminal_weight): 2.0
======================================================================

[13:13:34] Pre-training target score network (DSM)...
[13:13:34]   Mode: learned
[13:13:34]   Steps: 5000, LR: 0.001
[13:13:34]   Samples: 10000, σ_dsm: 0.05
[13:13:55] Target score pre-training complete. Final loss: 1.017717
[13:13:55] Initialized solver on device: cpu
[13:13:55] Number of networks: 50
[13:13:55] Polyak averaging τ: 0.5
[13:13:55] Total parameters (trainable): 428,850
[13:13:55] ======================================================================
[13:13:55] Starting Iterative Backward Regression (Polyak Averaging)
[13:13:55] ======================================================================
[13:13:55] Iterations: 100
[13:13:55] Backward epochs per step: 100
[13:13:55] Batch size: 4096
[13:13:55] Polyak τ: 0.5
[13:13:55] Polyak τ: 0.5
[13:13:55] λ (terminal_weight): 2.0
[13:13:55] Target: N(1.0, 1.0)
[13:13:55] ======================================================================
[13:14:03] Iter [  1/100] | Loss: 0.173136 | μ=0.041 (Δ=0.959), σ=0.966 (Δ=0.034) | Y_μ=-1.833, Y_σ=0.087
[13:14:40] Iter [  5/100] | Loss: 0.089783 | μ=0.838 (Δ=0.162), σ=0.978 (Δ=0.022) | Y_μ=-0.507, Y_σ=0.438
[13:15:25] Iter [ 10/100] | Loss: 11.912420 | μ=0.535 (Δ=0.465), σ=1.041 (Δ=0.041) | Y_μ=-0.944, Y_σ=0.051
[13:16:08] Iter [ 15/100] | Loss: 0.089177 | μ=0.533 (Δ=0.467), σ=1.104 (Δ=0.104) | Y_μ=-0.897, Y_σ=0.526
[13:16:54] Iter [ 20/100] | Loss: 0.109596 | μ=0.651 (Δ=0.349), σ=0.927 (Δ=0.073) | Y_μ=-1.190, Y_σ=0.323
[13:17:38] Iter [ 25/100] | Loss: 0.090032 | μ=0.933 (Δ=0.067), σ=1.139 (Δ=0.139) | Y_μ=-0.012, Y_σ=0.464
[13:18:22] Iter [ 30/100] | Loss: 0.095301 | μ=0.727 (Δ=0.273), σ=1.074 (Δ=0.074) | Y_μ=-0.489, Y_σ=0.211
[13:19:06] Iter [ 35/100] | Loss: 0.093327 | μ=0.695 (Δ=0.305), σ=0.933 (Δ=0.067) | Y_μ=-0.673, Y_σ=0.236
[13:19:50] Iter [ 40/100] | Loss: 2.946348 | μ=0.849 (Δ=0.151), σ=1.108 (Δ=0.108) | Y_μ=-0.485, Y_σ=0.068
[13:20:33] Iter [ 45/100] | Loss: 0.121713 | μ=0.989 (Δ=0.011), σ=1.050 (Δ=0.050) | Y_μ=0.055, Y_σ=0.077
[13:21:22] Iter [ 50/100] | Loss: 0.104680 | μ=0.607 (Δ=0.393), σ=0.976 (Δ=0.024) | Y_μ=-1.082, Y_σ=0.267
[13:22:13] Iter [ 55/100] | Loss: 0.092963 | μ=-0.088 (Δ=1.088), σ=0.982 (Δ=0.018) | Y_μ=-1.929, Y_σ=0.363
[13:23:06] Iter [ 60/100] | Loss: 0.135412 | μ=0.048 (Δ=0.952), σ=0.883 (Δ=0.117) | Y_μ=-1.108, Y_σ=0.234
[13:23:53] Iter [ 65/100] | Loss: 0.098584 | μ=0.612 (Δ=0.388), σ=0.877 (Δ=0.123) | Y_μ=-0.605, Y_σ=0.233
[13:24:34] Iter [ 70/100] | Loss: 0.103883 | μ=0.661 (Δ=0.339), σ=1.121 (Δ=0.121) | Y_μ=-0.674, Y_σ=0.128
[13:25:15] Iter [ 75/100] | Loss: 0.091841 | μ=0.922 (Δ=0.078), σ=1.014 (Δ=0.014) | Y_μ=0.112, Y_σ=0.551
[13:25:57] Iter [ 80/100] | Loss: 0.109306 | μ=1.035 (Δ=0.035), σ=0.923 (Δ=0.077) | Y_μ=-0.063, Y_σ=0.116
[13:26:39] Iter [ 85/100] | Loss: 0.094033 | μ=0.188 (Δ=0.812), σ=1.125 (Δ=0.125) | Y_μ=-1.597, Y_σ=0.558
[13:27:20] Iter [ 90/100] | Loss: 0.089650 | μ=0.246 (Δ=0.754), σ=1.065 (Δ=0.065) | Y_μ=-1.336, Y_σ=0.585
[13:28:02] Iter [ 95/100] | Loss: 0.101652 | μ=0.653 (Δ=0.347), σ=0.796 (Δ=0.204) | Y_μ=-0.529, Y_σ=0.387
[13:28:44] Iter [100/100] | Loss: 0.082341 | μ=0.448 (Δ=0.552), σ=1.430 (Δ=0.430) | Y_μ=-0.853, Y_σ=1.193
[13:28:44] ======================================================================
[13:28:44] Training Complete! Evaluating with target networks...
[13:28:44] Final Mean: 0.2401 (target: 1.0)
[13:28:44] Final Std:  0.8440 (target: 1.0)
[13:28:44] ======================================================================
[13:28:44] Saved plot: trajectories.png
[13:28:45] Saved plot: terminal_distribution.png
[13:28:45] Saved plot: statistics_evolution.png
[13:28:45] Saved all visualization plots

======================================================================
FINAL RESULTS
======================================================================
  history: {'iteration_losses': [np.float64(0.1731359972804785), np.float64(0.09113820098340511), np.float64(0.10482568308711052), np.float64(0.10699059553444386), np.float64(0.08978271517902613), np.float64(0.09952600933611393), np.float64(0.08721458548679947), np.float64(0.24480176255106925), np.float64(0.12985385045409203), np.float64(11.912419809922575), np.float64(0.10157510571181774), np.float64(0.09646632578223943), np.float64(0.09726574428379536), np.float64(0.7069876860827208), np.float64(0.08917715728282928), np.float64(0.10494334690272808), np.float64(3.504182141162455), np.float64(0.38468653555959464), np.float64(0.09364438623189926), np.float64(0.10959646683186293), np.float64(0.09065889485180378), np.float64(0.11023123987019062), np.float64(0.09221901878714561), np.float64(0.09753812279552221), np.float64(0.0900323998555541), np.float64(0.09548128306865693), np.float64(0.09877080231904983), np.float64(0.09120396699756383), np.float64(0.0977706676721573), np.float64(0.09530113887041808), np.float64(0.09630251001566649), np.float64(0.09886442054063081), np.float64(0.10034776378422976), np.float64(0.12514964409172535), np.float64(0.09332691673189401), np.float64(0.08995990619063378), np.float64(0.71164988912642), np.float64(0.1270887940749526), np.float64(0.09500569518655538), np.float64(2.9463479766249656), np.float64(0.08956473875790834), np.float64(0.10393049269914627), np.float64(0.11188969951123), np.float64(0.7742941504716874), np.float64(0.12171343315392733), np.float64(4.933351500257849), np.float64(0.09295889727771282), np.float64(0.08983144529163838), np.float64(0.21325133331120014), np.float64(0.10467958360910416), np.float64(0.10186621740460396), np.float64(0.11154807738959789), np.float64(0.09067334983497859), np.float64(0.10056860648095607), np.float64(0.09296304922550917), np.float64(0.08639865886420012), np.float64(0.11153407886624336), np.float64(0.10423977375030517), np.float64(0.0885665625333786), np.float64(0.13541153497993946), np.float64(0.13882823698222638), np.float64(0.10162931546568871), np.float64(0.1305462808161974), np.float64(0.09752669963985681), np.float64(0.09858351279050112), np.float64(0.12909067310392858), np.float64(0.12162422582507133), np.float64(0.7317561464756728), np.float64(0.09182910293340683), np.float64(0.10388339027762412), np.float64(0.12554187521338464), np.float64(0.11079005122184754), np.float64(0.08937561094760894), np.float64(0.10426985681056976), np.float64(0.0918410025909543), np.float64(0.10627583861351013), np.float64(0.09222220662981272), np.float64(0.09291030878201127), np.float64(0.2000216294080019), np.float64(0.10930624194443225), np.float64(0.1398393551260233), np.float64(0.09386842552572489), np.float64(0.10211012490093709), np.float64(0.12471363849937916), np.float64(0.09403325155377389), np.float64(0.11220385551452637), np.float64(0.09058979637920857), np.float64(0.17734185636043548), np.float64(0.10180596873164177), np.float64(0.08964976217597723), np.float64(1.4108141811192036), np.float64(0.10567367047071458), np.float64(0.08825130099430681), np.float64(0.11758998949080705), np.float64(0.10165198534727096), np.float64(0.14688636973500252), np.float64(0.1559276782721281), np.float64(0.0942327443510294), np.float64(0.10792395137250424), np.float64(0.0823413627780974)], 'terminal_means': [np.float32(0.04119076), np.float32(0.88635767), np.float32(0.7391604), np.float32(0.4919733), np.float32(0.83831334), np.float32(0.69453955), np.float32(0.45595703), np.float32(0.8888068), np.float32(0.54018664), np.float32(0.53503746), np.float32(0.7380084), np.float32(0.78706086), np.float32(0.4105159), np.float32(0.8256954), np.float32(0.53281504), np.float32(0.39449596), np.float32(1.4669685), np.float32(0.2819602), np.float32(0.8786447), np.float32(0.6514285), np.float32(1.1410221), np.float32(0.45071864), np.float32(0.78734696), np.float32(0.695961), np.float32(0.9330429), np.float32(0.12225622), np.float32(0.74398685), np.float32(1.0401715), np.float32(0.44590425), np.float32(0.72665536), np.float32(0.5747584), np.float32(0.704832), np.float32(0.9861498), np.float32(0.51815796), np.float32(0.6953925), np.float32(0.75382036), np.float32(0.27145666), np.float32(0.8451263), np.float32(0.53932476), np.float32(0.84893167), np.float32(0.55682755), np.float32(0.73305875), np.float32(0.4078302), np.float32(0.554989), np.float32(0.98918414), np.float32(0.3823514), np.float32(0.8260422), np.float32(0.597337), np.float32(0.37825298), np.float32(0.6073291), np.float32(0.81093013), np.float32(0.6795291), np.float32(0.62048364), np.float32(0.96001893), np.float32(-0.087747574), np.float32(0.8437779), np.float32(0.35047743), np.float32(1.1187146), np.float32(1.0407783), np.float32(0.048243076), np.float32(0.6079285), np.float32(0.49139845), np.float32(0.9974658), np.float32(0.3328901), np.float32(0.61175674), np.float32(0.75283164), np.float32(0.7041778), np.float32(0.5325453), np.float32(0.79158276), np.float32(0.6608429), np.float32(0.9969863), np.float32(0.084301904), np.float32(0.6508385), np.float32(0.55018175), np.float32(0.92186415), np.float32(0.28801024), np.float32(0.960367), np.float32(0.97244775), np.float32(0.09682265), np.float32(1.0350585), np.float32(0.72637224), np.float32(0.82819736), np.float32(0.3424539), np.float32(1.1695561), np.float32(0.18807125), np.float32(0.38178775), np.float32(0.69433355), np.float32(0.97755504), np.float32(0.49448198), np.float32(0.24585387), np.float32(1.1941154), np.float32(0.37250912), np.float32(0.78048545), np.float32(0.28063005), np.float32(0.6531658), np.float32(1.0505323), np.float32(0.23280686), np.float32(0.57340246), np.float32(1.3746368), np.float32(0.44849622)], 'terminal_vars': [np.float32(0.9325139), np.float32(1.0375779), np.float32(0.8816443), np.float32(1.0832397), np.float32(0.95565104), np.float32(0.6846944), np.float32(1.4731671), np.float32(0.97351724), np.float32(0.97636414), np.float32(1.0829139), np.float32(1.0109518), np.float32(1.2945107), np.float32(0.70813584), np.float32(1.0737523), np.float32(1.2182679), np.float32(0.65965426), np.float32(0.97716993), np.float32(1.1526641), np.float32(1.0862294), np.float32(0.8587788), np.float32(1.2279277), np.float32(0.85969484), np.float32(1.1584148), np.float32(0.9495944), np.float32(1.2982332), np.float32(0.9088918), np.float32(0.6651756), np.float32(1.1637913), np.float32(0.9122442), np.float32(1.1525762), np.float32(0.94467705), np.float32(0.80256355), np.float32(1.0513655), np.float32(0.9288906), np.float32(0.870966), np.float32(1.0861819), np.float32(0.9190338), np.float32(0.9160199), np.float32(1.010896), np.float32(1.2282268), np.float32(1.0702796), np.float32(0.79241633), np.float32(1.0830591), np.float32(1.121954), np.float32(1.1027621), np.float32(0.9402573), np.float32(0.9211012), np.float32(1.1308367), np.float32(0.89871204), np.float32(0.9529531), np.float32(1.2973062), np.float32(0.96857023), np.float32(1.0668509), np.float32(0.6647854), np.float32(0.9634446), np.float32(1.5816648), np.float32(0.8135495), np.float32(0.7631182), np.float32(1.2302788), np.float32(0.7795893), np.float32(0.75659454), np.float32(0.82579494), np.float32(1.1302091), np.float32(1.0405295), np.float32(0.76965284), np.float32(1.0365244), np.float32(1.0545986), np.float32(0.9339729), np.float32(0.9177024), np.float32(1.2556281), np.float32(0.91276324), np.float32(0.9913832), np.float32(1.2258464), np.float32(0.8963735), np.float32(1.0288045), np.float32(0.86114085), np.float32(0.86202574), np.float32(1.4847729), np.float32(0.85971344), np.float32(0.8514915), np.float32(1.0426247), np.float32(1.0036663), np.float32(0.7123987), np.float32(1.1716138), np.float32(1.2653826), np.float32(0.5872944), np.float32(1.2371874), np.float32(0.9018358), np.float32(0.7419268), np.float32(1.1350665), np.float32(0.80751276), np.float32(0.55780643), np.float32(1.4716797), np.float32(0.83521795), np.float32(0.6329502), np.float32(1.2567354), np.float32(1.2684286), np.float32(0.7048655), np.float32(1.0761511), np.float32(2.044189)], 'y_means': [np.float64(-1.8325129055976868), np.float64(-0.6068674087524414), np.float64(-0.3776556235551834), np.float64(-1.220252456665039), np.float64(-0.5065779256820678), np.float64(-0.5025858366489411), np.float64(-1.2800515294075012), np.float64(-0.24420445859432222), np.float64(-0.5053032398223877), np.float64(-0.9438814461231232), np.float64(-0.6882607388496399), np.float64(-0.30165894627571105), np.float64(-0.8228575313091278), np.float64(-0.29681935131549836), np.float64(-0.8967868936061859), np.float64(-1.7298749303817749), np.float64(1.1042916655540467), np.float64(-1.49922767162323), np.float64(-0.4729873824119568), np.float64(-1.1903923892974853), np.float64(-0.003616794119589031), np.float64(-1.1609328746795655), np.float64(-0.2225338789820671), np.float64(-0.609766936302185), np.float64(-0.011938130054622888), np.float64(-1.8989809370040893), np.float64(-0.9208072865009308), np.float64(-0.12516051083803176), np.float64(-1.2615001845359801), np.float64(-0.4889819002151489), np.float64(-0.8162061941623687), np.float64(-0.7799771821498871), np.float64(-0.1455420534312725), np.float64(-1.0226564443111419), np.float64(-0.6730280900001526), np.float64(-0.12438971012830734), np.float64(-1.518936607837677), np.float64(-0.2670340126752853), np.float64(-1.2265399599075317), np.float64(-0.4846367573738098), np.float64(-0.8611743319034576), np.float64(-0.3903086185455322), np.float64(-0.7657897388935089), np.float64(-1.3304356026649475), np.float64(0.05537395656458102), np.float64(-1.330921986103058), np.float64(-0.2959612864255905), np.float64(-0.3565993303060532), np.float64(-0.8864211893081665), np.float64(-1.082479498386383), np.float64(-0.2879458898305893), np.float64(-0.533368176817894), np.float64(-0.9263815295696258), np.float64(0.4989942806959152), np.float64(-1.9285386872291566), np.float64(-0.01064224362373352), np.float64(-1.6120115661621093), np.float64(-0.34306530773639676), np.float64(0.29662630081176755), np.float64(-1.1076893877983094), np.float64(-0.15463895365595817), np.float64(-1.2020093131065368), np.float64(-0.005028297130484134), np.float64(-1.3000833368301392), np.float64(-0.6051293683052062), np.float64(-0.6074328255653382), np.float64(-0.5178814643621444), np.float64(-0.9872280621528625), np.float64(-0.620615861415863), np.float64(-0.6744386267662048), np.float64(0.505630014538765), np.float64(-1.4160932230949401), np.float64(-0.5127452725172043), np.float64(-0.7912579607963562), np.float64(0.11185522586107254), np.float64(-1.222182378768921), np.float64(-0.21684451252222062), np.float64(0.2158466610312462), np.float64(-1.8574374890327454), np.float64(-0.06322472077794374), np.float64(-0.8007178151607514), np.float64(0.05017282724380493), np.float64(-1.4344545078277589), np.float64(0.33816498398780825), np.float64(-1.5970236015319825), np.float64(-1.1338880372047424), np.float64(-0.432679169178009), np.float64(-0.014447861225344241), np.float64(-0.6970195293426513), np.float64(-1.3361238598823548), np.float64(0.6553117573261261), np.float64(-1.4849185585975646), np.float64(-0.2705779135227203), np.float64(-1.196562750339508), np.float64(-0.5292619323730469), np.float64(0.06546095345169306), np.float64(-1.1048036313056946), np.float64(-1.1671873545646667), np.float64(0.3299641925096512), np.float64(-0.8531347978115081)], 'y_stds': [np.float64(0.08667010724719149), np.float64(0.08667010724719149), np.float64(0.1678174948693777), np.float64(0.1678174948693777), np.float64(0.1243461739274062), np.float64(0.1243461739274062), np.float64(0.15787531606882113), np.float64(0.15787531606882113), np.float64(0.4380177232626011), np.float64(0.4380177232626011), np.float64(0.5612172254921461), np.float64(0.5612172254921461), np.float64(0.48274285584746396), np.float64(0.48274285584746396), np.float64(0.057077435963037715), np.float64(0.057077435963037715), np.float64(0.10538008332281606), np.float64(0.10538008332281606), np.float64(0.050619632163143254), np.float64(0.050619632163143254), np.float64(0.21671967633112219), np.float64(0.21671967633112219), np.float64(0.4608464030921459), np.float64(0.4608464030921459), np.float64(0.3730389599504997), np.float64(0.3730389599504997), np.float64(0.18982071348487806), np.float64(0.18982071348487806), np.float64(0.5260837329925562), np.float64(0.5260837329925562), np.float64(0.49354311108676485), np.float64(0.49354311108676485), np.float64(0.07447529397002654), np.float64(0.07447529397002654), np.float64(0.02732923727569869), np.float64(0.02732923727569869), np.float64(0.2840142813327111), np.float64(0.2840142813327111), np.float64(0.32319364160328407), np.float64(0.32319364160328407), np.float64(0.4494191986322403), np.float64(0.4494191986322403), np.float64(0.3433017903575092), np.float64(0.3433017903575092), np.float64(0.3428225974740053), np.float64(0.3428225974740053), np.float64(0.24394592650263802), np.float64(0.24394592650263802), np.float64(0.4636055424995743), np.float64(0.4636055424995743), np.float64(0.28197754264052494), np.float64(0.28197754264052494), np.float64(0.5378538768000726), np.float64(0.5378538768000726), np.float64(0.2908147358894712), np.float64(0.2908147358894712), np.float64(0.22445981487690006), np.float64(0.22445981487690006), np.float64(0.210895781070285), np.float64(0.210895781070285), np.float64(0.22876726761518512), np.float64(0.22876726761518512), np.float64(0.2117963713411882), np.float64(0.2117963713411882), np.float64(0.174562731832375), np.float64(0.174562731832375), np.float64(0.08373847149385255), np.float64(0.08373847149385255), np.float64(0.23603213056936512), np.float64(0.23603213056936512), np.float64(0.26352181084464976), np.float64(0.26352181084464976), np.float64(0.02126231702044606), np.float64(0.02126231702044606), np.float64(0.08743123114116315), np.float64(0.08743123114116315), np.float64(0.27388549432187576), np.float64(0.27388549432187576), np.float64(0.06822842883768317), np.float64(0.06822842883768317), np.float64(0.3548584075279359), np.float64(0.3548584075279359), np.float64(0.14929743431537645), np.float64(0.14929743431537645), np.float64(0.10534530211283709), np.float64(0.10534530211283709), np.float64(0.05410367970413063), np.float64(0.05410367970413063), np.float64(0.07659963792190638), np.float64(0.07659963792190638), np.float64(0.07763185842952225), np.float64(0.07763185842952225), np.float64(0.26513310506947163), np.float64(0.26513310506947163), np.float64(0.26693934589638957), np.float64(0.26693934589638957), np.float64(0.0696247802117432), np.float64(0.0696247802117432), np.float64(0.2673030012106756), np.float64(0.2673030012106756), np.float64(0.1370972688870097), np.float64(0.1370972688870097), np.float64(0.1501470345260168), np.float64(0.1501470345260168), np.float64(0.49825884953243077), np.float64(0.49825884953243077), np.float64(0.3294381643833185), np.float64(0.3294381643833185), np.float64(0.36303170830127784), np.float64(0.36303170830127784), np.float64(0.9404503205418586), np.float64(0.9404503205418586), np.float64(0.5085847729459055), np.float64(0.5085847729459055), np.float64(0.20146202586605796), np.float64(0.20146202586605796), np.float64(0.5030760017038847), np.float64(0.5030760017038847), np.float64(0.23403186637937323), np.float64(0.23403186637937323), np.float64(0.06758433014158072), np.float64(0.06758433014158072), np.float64(0.21020222812891007), np.float64(0.21020222812891007), np.float64(0.07162961607799388), np.float64(0.07162961607799388), np.float64(0.2404100796583225), np.float64(0.2404100796583225), np.float64(0.23345001600682735), np.float64(0.23345001600682735), np.float64(0.08623873455464491), np.float64(0.08623873455464491), np.float64(0.08420626863880898), np.float64(0.08420626863880898), np.float64(0.022149628247716463), np.float64(0.022149628247716463), np.float64(0.47556986913099536), np.float64(0.47556986913099536), np.float64(0.12769993778318167), np.float64(0.12769993778318167), np.float64(0.09810988888144494), np.float64(0.09810988888144494), np.float64(0.22224496096459917), np.float64(0.22224496096459917), np.float64(0.2898416298630036), np.float64(0.2898416298630036), np.float64(0.13256751515044016), np.float64(0.13256751515044016), np.float64(0.5506374083459923), np.float64(0.5506374083459923), np.float64(0.22584403052926064), np.float64(0.22584403052926064), np.float64(0.6527017527820863), np.float64(0.6527017527820863), np.float64(1.0223315218091011), np.float64(1.0223315218091011), np.float64(0.12423323270020774), np.float64(0.12423323270020774), np.float64(0.11626154720788691), np.float64(0.11626154720788691), np.float64(0.10610103216065908), np.float64(0.10610103216065908), np.float64(0.3557596146315609), np.float64(0.3557596146315609), np.float64(0.7028931224349071), np.float64(0.7028931224349071), np.float64(0.27233646251275784), np.float64(0.27233646251275784), np.float64(0.5581905525928597), np.float64(0.5581905525928597), np.float64(0.5804435220360756), np.float64(0.5804435220360756), np.float64(0.3683342166247894), np.float64(0.3683342166247894), np.float64(0.21390384314583116), np.float64(0.21390384314583116), np.float64(0.213749760389328), np.float64(0.213749760389328), np.float64(0.5853258824351361), np.float64(0.5853258824351361), np.float64(0.14068290276030893), np.float64(0.14068290276030893), np.float64(0.789669409096241), np.float64(0.789669409096241), np.float64(0.6252167287471093), np.float64(0.6252167287471093), np.float64(0.16053897175937892), np.float64(0.16053897175937892), np.float64(0.3872055672109127), np.float64(0.3872055672109127), np.float64(0.11821756465360522), np.float64(0.11821756465360522), np.float64(0.3076918534564902), np.float64(0.3076918534564902), np.float64(0.5216636328402092), np.float64(0.5216636328402092), np.float64(0.3704210168125428), np.float64(0.3704210168125428), np.float64(1.1933513790374854), np.float64(1.1933513790374854)]}
  final_mean: 0.2400733381509781
  final_var: 0.7122622132301331
  final_trajectories: tensor([[[ 0.0000],
         [ 0.0000],
         [ 0.0000],
         ...,
         [ 0.0000],
         [ 0.0000],
         [ 0.0000]],

        [[ 0.2327],
         [-0.1695],
         [ 0.1446],
         ...,
         [ 0.1625],
         [-0.1701],
         [-0.0146]],

        [[ 0.2121],
         [-0.1068],
         [ 0.1135],
         ...,
         [ 0.2691],
         [-0.0480],
         [-0.1302]],

        ...,

        [[ 0.4199],
         [-0.1512],
         [-1.7362],
         ...,
         [-0.1385],
         [-0.4176],
         [-0.9840]],

        [[ 0.1007],
         [-0.0459],
         [-1.6680],
         ...,
         [ 0.1250],
         [-0.4330],
         [-1.0550]],

        [[ 0.2398],
         [-0.0712],
         [-1.6251],
         ...,
         [-0.0476],
         [-0.4293],
         [-0.8454]]])

Completed: 2026-02-10T13:39:20.434618
