Experiment: 2026-02-11_08-16-12_exp_GMM
Started: 2026-02-11T08:16:12.773083
======================================================================

======================================================================
MFC Configuration (Iterative Backward Regression)
======================================================================
  Physics:    T=1.0, N=50, σ=1.0, dim=1
  Target:     N(0.0, 1.0)
  Target Score: mode=analytical
  Initial:    dirac at 0.0
----------------------------------------------------------------------
  Model:      hidden=64, layers=3, time_emb=16
  Training:   100 iterations × 100 epochs, batch=4096, lr=0.001
  Polyak τ:   0.5
  λ (terminal_weight): 2.0
======================================================================

[08:16:12] Initialized solver on device: cpu
[08:16:12] Number of networks: 50
[08:16:12] Polyak averaging τ: 0.5
[08:16:12] Total parameters (trainable): 428,850
[08:16:12] ======================================================================
[08:16:12] Starting Iterative Backward Regression (Polyak Averaging)
[08:16:12] ======================================================================
[08:16:12] Iterations: 100
[08:16:12] Backward epochs per step: 100
[08:16:12] Batch size: 4096
[08:16:12] Polyak τ: 0.5
[08:16:12] Polyak τ: 0.5
[08:16:12] λ (terminal_weight): 2.0
[08:16:12] Target: N(0.0, 1.0)
[08:16:12] ======================================================================
[08:16:22] Iter [  1/100] | Loss: 0.097581 | μ=0.003 (Δ=0.003), σ=1.012 (Δ=0.012) | Y_μ=0.004, Y_σ=2.591
[08:16:59] Iter [  5/100] | Loss: 0.100067 | μ=-0.194 (Δ=0.194), σ=1.268 (Δ=0.268) | Y_μ=0.265, Y_σ=2.478
[08:17:43] Iter [ 10/100] | Loss: 0.112011 | μ=-0.204 (Δ=0.204), σ=1.925 (Δ=0.925) | Y_μ=-0.410, Y_σ=1.046
[08:18:27] Iter [ 15/100] | Loss: 0.115470 | μ=1.354 (Δ=1.354), σ=1.155 (Δ=0.155) | Y_μ=-1.283, Y_σ=1.256
[08:19:11] Iter [ 20/100] | Loss: 0.083686 | μ=0.462 (Δ=0.462), σ=1.599 (Δ=0.599) | Y_μ=-0.174, Y_σ=2.177
[08:19:56] Iter [ 25/100] | Loss: 0.098550 | μ=-0.824 (Δ=0.824), σ=1.286 (Δ=0.286) | Y_μ=2.282, Y_σ=2.230
[08:20:40] Iter [ 30/100] | Loss: 0.143971 | μ=1.461 (Δ=1.461), σ=1.293 (Δ=0.293) | Y_μ=0.056, Y_σ=1.124
[08:21:24] Iter [ 35/100] | Loss: 0.103647 | μ=-1.453 (Δ=1.453), σ=0.994 (Δ=0.006) | Y_μ=2.029, Y_σ=1.198
[08:22:08] Iter [ 40/100] | Loss: 0.132556 | μ=-1.416 (Δ=1.416), σ=1.390 (Δ=0.390) | Y_μ=-1.308, Y_σ=1.126
[08:22:52] Iter [ 45/100] | Loss: 0.117820 | μ=1.275 (Δ=1.275), σ=0.829 (Δ=0.171) | Y_μ=-2.944, Y_σ=1.094
[08:23:35] Iter [ 50/100] | Loss: 0.119604 | μ=2.322 (Δ=2.322), σ=0.998 (Δ=0.002) | Y_μ=2.493, Y_σ=0.902
[08:24:19] Iter [ 55/100] | Loss: 2.807324 | μ=-2.075 (Δ=2.075), σ=1.326 (Δ=0.326) | Y_μ=-3.190, Y_σ=0.982
[08:25:03] Iter [ 60/100] | Loss: 0.123825 | μ=1.612 (Δ=1.612), σ=1.582 (Δ=0.582) | Y_μ=2.289, Y_σ=0.830
[08:25:47] Iter [ 65/100] | Loss: 0.091774 | μ=-0.571 (Δ=0.571), σ=1.684 (Δ=0.684) | Y_μ=-0.438, Y_σ=1.889
[08:26:30] Iter [ 70/100] | Loss: 0.097260 | μ=-0.341 (Δ=0.341), σ=1.803 (Δ=0.803) | Y_μ=1.530, Y_σ=1.422
[08:27:15] Iter [ 75/100] | Loss: 0.097133 | μ=-1.065 (Δ=1.065), σ=1.579 (Δ=0.579) | Y_μ=-0.756, Y_σ=1.687
[08:28:04] Iter [ 80/100] | Loss: 3.613981 | μ=2.205 (Δ=2.205), σ=1.111 (Δ=0.111) | Y_μ=3.210, Y_σ=0.982
[08:28:53] Iter [ 85/100] | Loss: 0.125055 | μ=-1.838 (Δ=1.838), σ=1.421 (Δ=0.421) | Y_μ=-2.815, Y_σ=1.001
[08:29:41] Iter [ 90/100] | Loss: 0.101282 | μ=0.668 (Δ=0.668), σ=1.672 (Δ=0.672) | Y_μ=0.052, Y_σ=1.786
[08:30:29] Iter [ 95/100] | Loss: 0.153617 | μ=0.304 (Δ=0.304), σ=1.928 (Δ=0.928) | Y_μ=-0.681, Y_σ=0.731
[08:31:17] Iter [100/100] | Loss: 0.098001 | μ=1.078 (Δ=1.078), σ=1.641 (Δ=0.641) | Y_μ=0.813, Y_σ=1.535
[08:31:17] ======================================================================
[08:31:17] Training Complete! Evaluating with target networks...
[08:31:17] Final Mean: -0.2822 (target: 0.0)
[08:31:17] Final Std:  2.0387 (target: 1.0)
[08:31:17] ======================================================================
