Experiment: 2026-02-11_07-59-19_exp_Student-t
Started: 2026-02-11T07:59:19.042236
======================================================================

======================================================================
MFC Configuration (Iterative Backward Regression)
======================================================================
  Physics:    T=1.0, N=50, σ=1.0, dim=1
  Target:     N(0.0, 1.0)
  Target Score: mode=analytical
  Initial:    dirac at 0.0
----------------------------------------------------------------------
  Model:      hidden=64, layers=3, time_emb=16
  Training:   100 iterations × 100 epochs, batch=4096, lr=0.001
  Polyak τ:   0.5
  λ (terminal_weight): 2.0
======================================================================

[07:59:19] Initialized solver on device: cpu
[07:59:19] Number of networks: 50
[07:59:19] Polyak averaging τ: 0.5
[07:59:19] Total parameters (trainable): 428,850
[07:59:19] ======================================================================
[07:59:19] Starting Iterative Backward Regression (Polyak Averaging)
[07:59:19] ======================================================================
[07:59:19] Iterations: 100
[07:59:19] Backward epochs per step: 100
[07:59:19] Batch size: 4096
[07:59:19] Polyak τ: 0.5
[07:59:19] Polyak τ: 0.5
[07:59:19] λ (terminal_weight): 2.0
[07:59:19] Target: N(0.0, 1.0)
[07:59:19] ======================================================================
[07:59:28] Iter [  1/100] | Loss: 0.108728 | μ=0.008 (Δ=0.008), σ=0.976 (Δ=0.024) | Y_μ=0.021, Y_σ=0.268
[08:00:07] Iter [  5/100] | Loss: 0.090615 | μ=-0.051 (Δ=0.051), σ=1.117 (Δ=0.117) | Y_μ=-0.049, Y_σ=0.458
[08:00:56] Iter [ 10/100] | Loss: 0.154922 | μ=-0.186 (Δ=0.186), σ=1.304 (Δ=0.304) | Y_μ=-0.139, Y_σ=0.278
[08:01:45] Iter [ 15/100] | Loss: 0.106343 | μ=0.251 (Δ=0.251), σ=1.251 (Δ=0.251) | Y_μ=0.408, Y_σ=0.397
[08:02:35] Iter [ 20/100] | Loss: 0.091092 | μ=0.206 (Δ=0.206), σ=1.176 (Δ=0.176) | Y_μ=0.368, Y_σ=0.285
[08:03:24] Iter [ 25/100] | Loss: 0.171747 | μ=0.023 (Δ=0.023), σ=1.236 (Δ=0.236) | Y_μ=0.014, Y_σ=0.145
[08:04:14] Iter [ 30/100] | Loss: 0.108860 | μ=0.043 (Δ=0.043), σ=1.097 (Δ=0.097) | Y_μ=0.243, Y_σ=0.297
[08:05:03] Iter [ 35/100] | Loss: 0.146901 | μ=0.006 (Δ=0.006), σ=1.307 (Δ=0.307) | Y_μ=-0.064, Y_σ=0.296
[08:05:54] Iter [ 40/100] | Loss: 0.091800 | μ=0.067 (Δ=0.067), σ=1.005 (Δ=0.005) | Y_μ=0.201, Y_σ=0.643
[08:06:44] Iter [ 45/100] | Loss: 0.126269 | μ=0.115 (Δ=0.115), σ=1.224 (Δ=0.224) | Y_μ=0.058, Y_σ=0.194
[08:07:34] Iter [ 50/100] | Loss: 0.100618 | μ=-0.002 (Δ=0.002), σ=1.151 (Δ=0.151) | Y_μ=-0.090, Y_σ=0.393
[08:08:31] Iter [ 55/100] | Loss: 0.106529 | μ=-0.066 (Δ=0.066), σ=1.170 (Δ=0.170) | Y_μ=-0.348, Y_σ=0.192
[08:09:23] Iter [ 60/100] | Loss: 0.103494 | μ=0.124 (Δ=0.124), σ=1.167 (Δ=0.167) | Y_μ=0.123, Y_σ=0.222
[08:10:13] Iter [ 65/100] | Loss: 0.159079 | μ=-0.038 (Δ=0.038), σ=1.098 (Δ=0.098) | Y_μ=-0.265, Y_σ=0.160
[08:11:02] Iter [ 70/100] | Loss: 0.149028 | μ=-0.050 (Δ=0.050), σ=1.255 (Δ=0.255) | Y_μ=-0.069, Y_σ=0.194
[08:11:52] Iter [ 75/100] | Loss: 0.104289 | μ=-0.291 (Δ=0.291), σ=1.187 (Δ=0.187) | Y_μ=-0.442, Y_σ=0.258
[08:12:41] Iter [ 80/100] | Loss: 0.105086 | μ=0.177 (Δ=0.177), σ=1.091 (Δ=0.091) | Y_μ=0.331, Y_σ=0.204
[08:13:30] Iter [ 85/100] | Loss: 0.100840 | μ=-0.067 (Δ=0.067), σ=1.232 (Δ=0.232) | Y_μ=0.214, Y_σ=0.233
[08:14:30] Iter [ 90/100] | Loss: 0.088946 | μ=-0.045 (Δ=0.045), σ=1.025 (Δ=0.025) | Y_μ=-0.161, Y_σ=0.458
[08:15:21] Iter [ 95/100] | Loss: 0.100219 | μ=-0.033 (Δ=0.033), σ=1.191 (Δ=0.191) | Y_μ=-0.031, Y_σ=0.231
[08:16:12] Iter [100/100] | Loss: 0.122574 | μ=0.075 (Δ=0.075), σ=1.140 (Δ=0.140) | Y_μ=-0.153, Y_σ=0.202
[08:16:12] ======================================================================
[08:16:12] Training Complete! Evaluating with target networks...
[08:16:12] Final Mean: 0.1187 (target: 0.0)
[08:16:12] Final Std:  1.1174 (target: 1.0)
[08:16:12] ======================================================================
