Experiment: 2026-02-11_07-43-56_exp_Gaussian
Started: 2026-02-11T07:43:56.953806
======================================================================

======================================================================
MFC Configuration (Iterative Backward Regression)
======================================================================
  Physics:    T=1.0, N=50, σ=1.0, dim=1
  Target:     N(1.0, 1.0)
  Target Score: mode=analytical
  Initial:    dirac at 0.0
----------------------------------------------------------------------
  Model:      hidden=64, layers=3, time_emb=16
  Training:   100 iterations × 100 epochs, batch=4096, lr=0.001
  Polyak τ:   0.5
  λ (terminal_weight): 2.0
======================================================================

[07:43:56] Initialized solver on device: cpu
[07:43:56] Number of networks: 50
[07:43:56] Polyak averaging τ: 0.5
[07:43:56] Total parameters (trainable): 428,850
[07:43:56] ======================================================================
[07:43:56] Starting Iterative Backward Regression (Polyak Averaging)
[07:43:56] ======================================================================
[07:43:56] Iterations: 100
[07:43:56] Backward epochs per step: 100
[07:43:56] Batch size: 4096
[07:43:56] Polyak τ: 0.5
[07:43:56] Polyak τ: 0.5
[07:43:56] λ (terminal_weight): 2.0
[07:43:56] Target: N(1.0, 1.0)
[07:43:56] ======================================================================
[07:44:06] Iter [  1/100] | Loss: 0.623999 | μ=-0.034 (Δ=1.034), σ=1.012 (Δ=0.012) | Y_μ=-2.161, Y_σ=0.102
[07:44:40] Iter [  5/100] | Loss: 0.097515 | μ=0.641 (Δ=0.359), σ=0.924 (Δ=0.076) | Y_μ=-0.460, Y_σ=0.160
[07:45:20] Iter [ 10/100] | Loss: 0.095211 | μ=0.651 (Δ=0.349), σ=0.881 (Δ=0.119) | Y_μ=-0.762, Y_σ=0.370
[07:46:05] Iter [ 15/100] | Loss: 0.139754 | μ=0.794 (Δ=0.206), σ=0.985 (Δ=0.015) | Y_μ=-0.588, Y_σ=0.158
[07:46:51] Iter [ 20/100] | Loss: 0.098463 | μ=0.324 (Δ=0.676), σ=1.042 (Δ=0.042) | Y_μ=-1.459, Y_σ=0.505
[07:47:37] Iter [ 25/100] | Loss: 32.469897 | μ=0.743 (Δ=0.257), σ=1.056 (Δ=0.056) | Y_μ=-0.630, Y_σ=0.017
[07:48:23] Iter [ 30/100] | Loss: 0.157017 | μ=0.323 (Δ=0.677), σ=1.014 (Δ=0.014) | Y_μ=-1.602, Y_σ=0.070
[07:49:09] Iter [ 35/100] | Loss: 0.095475 | μ=0.354 (Δ=0.646), σ=0.971 (Δ=0.029) | Y_μ=-1.770, Y_σ=0.466
[07:49:55] Iter [ 40/100] | Loss: 0.097013 | μ=0.864 (Δ=0.136), σ=1.066 (Δ=0.066) | Y_μ=-0.151, Y_σ=0.128
[07:50:41] Iter [ 45/100] | Loss: 0.762563 | μ=0.595 (Δ=0.405), σ=0.932 (Δ=0.068) | Y_μ=-0.623, Y_σ=0.024
[07:51:27] Iter [ 50/100] | Loss: 0.100031 | μ=0.404 (Δ=0.596), σ=0.952 (Δ=0.048) | Y_μ=-1.454, Y_σ=0.235
[07:52:14] Iter [ 55/100] | Loss: 0.183690 | μ=0.470 (Δ=0.530), σ=0.951 (Δ=0.049) | Y_μ=-0.649, Y_σ=0.053
[07:52:59] Iter [ 60/100] | Loss: 0.479687 | μ=0.948 (Δ=0.052), σ=0.986 (Δ=0.014) | Y_μ=-0.224, Y_σ=0.023
[07:53:45] Iter [ 65/100] | Loss: 0.091230 | μ=0.833 (Δ=0.167), σ=0.931 (Δ=0.069) | Y_μ=-0.020, Y_σ=0.298
[07:54:32] Iter [ 70/100] | Loss: 0.102426 | μ=0.614 (Δ=0.386), σ=0.971 (Δ=0.029) | Y_μ=-1.008, Y_σ=0.131
[07:55:18] Iter [ 75/100] | Loss: 0.136048 | μ=0.326 (Δ=0.674), σ=0.889 (Δ=0.111) | Y_μ=-1.490, Y_σ=0.185
[07:56:03] Iter [ 80/100] | Loss: 0.119875 | μ=0.705 (Δ=0.295), σ=1.008 (Δ=0.008) | Y_μ=-0.520, Y_σ=0.078
[07:56:53] Iter [ 85/100] | Loss: 0.112445 | μ=0.545 (Δ=0.455), σ=0.830 (Δ=0.170) | Y_μ=-1.219, Y_σ=0.184
[07:57:42] Iter [ 90/100] | Loss: 0.098249 | μ=0.715 (Δ=0.285), σ=1.020 (Δ=0.020) | Y_μ=-0.204, Y_σ=0.115
[07:58:31] Iter [ 95/100] | Loss: 0.108942 | μ=0.603 (Δ=0.397), σ=0.998 (Δ=0.002) | Y_μ=-1.006, Y_σ=0.099
[07:59:18] Iter [100/100] | Loss: 0.088349 | μ=0.547 (Δ=0.453), σ=1.114 (Δ=0.114) | Y_μ=-0.626, Y_σ=0.298
[07:59:18] ======================================================================
[07:59:18] Training Complete! Evaluating with target networks...
[07:59:18] Final Mean: 0.4047 (target: 1.0)
[07:59:18] Final Std:  0.9547 (target: 1.0)
[07:59:18] ======================================================================
