Experiment: 2026-02-11_01-24-44_exp_Gaussian
Started: 2026-02-11T01:24:44.644965
======================================================================

======================================================================
MFC Configuration (Iterative Backward Regression)
======================================================================
  Physics:    T=1.0, N=50, σ=1.0, dim=1
  Target:     N(1.0, 1.0)
  Target Score: mode=analytical
  Initial:    dirac at 0.0
----------------------------------------------------------------------
  Model:      hidden=64, layers=3, time_emb=16
  Training:   100 iterations × 100 epochs, batch=4096, lr=0.001
  Polyak τ:   0.5
  λ (terminal_weight): 2.0
======================================================================

[01:24:44] Initialized solver on device: cpu
[01:24:44] Number of networks: 50
[01:24:44] Polyak averaging τ: 0.5
[01:24:44] Total parameters (trainable): 428,850
[01:24:44] ======================================================================
[01:24:44] Starting Iterative Backward Regression (Polyak Averaging)
[01:24:44] ======================================================================
[01:24:44] Iterations: 100
[01:24:44] Backward epochs per step: 100
[01:24:44] Batch size: 4096
[01:24:44] Polyak τ: 0.5
[01:24:44] Polyak τ: 0.5
[01:24:44] λ (terminal_weight): 2.0
[01:24:44] Target: N(1.0, 1.0)
[01:24:44] ======================================================================
[01:24:53] Iter [  1/100] | Loss: 0.130978 | μ=0.008 (Δ=0.992), σ=1.006 (Δ=0.006) | Y_μ=-1.727, Y_σ=0.221
[01:25:25] Iter [  5/100] | Loss: 0.089746 | μ=0.406 (Δ=0.594), σ=1.029 (Δ=0.029) | Y_μ=-1.188, Y_σ=0.269
[01:26:05] Iter [ 10/100] | Loss: 0.132377 | μ=0.859 (Δ=0.141), σ=1.054 (Δ=0.054) | Y_μ=-0.593, Y_σ=0.103
[01:26:45] Iter [ 15/100] | Loss: 0.094487 | μ=0.087 (Δ=0.913), σ=1.097 (Δ=0.097) | Y_μ=-1.940, Y_σ=0.300
[01:27:24] Iter [ 20/100] | Loss: 0.107486 | μ=0.394 (Δ=0.606), σ=0.979 (Δ=0.021) | Y_μ=-1.458, Y_σ=0.162
[01:28:03] Iter [ 25/100] | Loss: 0.202534 | μ=0.819 (Δ=0.181), σ=0.895 (Δ=0.105) | Y_μ=0.188, Y_σ=0.098
