Experiment: 2026-02-10_03-49-43_mfc_backward_regression
Started: 2026-02-10T03:49:43.417751
======================================================================

======================================================================
MFC Configuration (Iterative Backward Regression)
======================================================================
  Physics:    T=1.0, N=50, σ=1.0, dim=1
  Target:     N(1.0, 1.0)
  Target Score: mode=learned
  Initial:    dirac at 0.0
----------------------------------------------------------------------
  Model:      hidden=64, layers=3, time_emb=16
  Training:   100 iterations × 100 epochs, batch=4096, lr=0.001
  Polyak τ:   0.5
  λ (terminal_weight): 2.0
======================================================================

[03:49:43] Pre-training target score network (DSM)...
[03:49:43]   Mode: learned
[03:49:43]   Steps: 2000, LR: 0.001
[03:49:43]   Samples: 10000, σ_dsm: 0.1
[03:49:46] Target score pre-training complete. Final loss: 0.964990
[03:49:46] Initialized solver on device: cpu
[03:49:46] Number of networks: 50
[03:49:46] Polyak averaging τ: 0.5
[03:49:46] Total parameters (trainable): 428,850
[03:49:46] ======================================================================
[03:49:46] Starting Iterative Backward Regression (Polyak Averaging)
[03:49:46] ======================================================================
[03:49:46] Iterations: 100
[03:49:46] Backward epochs per step: 100
[03:49:46] Batch size: 4096
[03:49:46] Polyak τ: 0.5
[03:49:46] Polyak τ: 0.5
[03:49:46] λ (terminal_weight): 2.0
[03:49:46] Target: N(1.0, 1.0)
[03:49:46] ======================================================================
[03:49:55] Iter [  1/100] | Loss: 0.392874 | μ=0.030 (Δ=0.970), σ=0.972 (Δ=0.028) | Y_μ=-1.838, Y_σ=0.043
[03:50:28] Iter [  5/100] | Loss: 0.096372 | μ=0.507 (Δ=0.493), σ=1.012 (Δ=0.012) | Y_μ=-1.036, Y_σ=0.372
[03:51:09] Iter [ 10/100] | Loss: 0.092292 | μ=1.100 (Δ=0.100), σ=1.093 (Δ=0.093) | Y_μ=0.027, Y_σ=0.424
[03:51:50] Iter [ 15/100] | Loss: 0.090139 | μ=0.828 (Δ=0.172), σ=1.014 (Δ=0.014) | Y_μ=-0.278, Y_σ=0.332
[03:52:31] Iter [ 20/100] | Loss: 0.088155 | μ=0.513 (Δ=0.487), σ=1.117 (Δ=0.117) | Y_μ=-1.324, Y_σ=0.350
[03:53:12] Iter [ 25/100] | Loss: 0.107210 | μ=1.005 (Δ=0.005), σ=0.938 (Δ=0.062) | Y_μ=-0.148, Y_σ=0.122
[03:53:53] Iter [ 30/100] | Loss: 0.092857 | μ=0.700 (Δ=0.300), σ=0.949 (Δ=0.051) | Y_μ=-0.512, Y_σ=0.231
[03:54:35] Iter [ 35/100] | Loss: 0.121371 | μ=0.567 (Δ=0.433), σ=0.995 (Δ=0.005) | Y_μ=-0.757, Y_σ=0.072
[03:55:17] Iter [ 40/100] | Loss: 0.117360 | μ=1.363 (Δ=0.363), σ=1.059 (Δ=0.059) | Y_μ=0.882, Y_σ=0.161
[03:55:57] Iter [ 45/100] | Loss: 0.211421 | μ=0.786 (Δ=0.214), σ=0.939 (Δ=0.061) | Y_μ=-0.188, Y_σ=0.027
[03:56:39] Iter [ 50/100] | Loss: 0.094174 | μ=0.741 (Δ=0.259), σ=0.977 (Δ=0.023) | Y_μ=-0.843, Y_σ=0.254
[03:57:20] Iter [ 55/100] | Loss: 0.099825 | μ=1.218 (Δ=0.218), σ=1.056 (Δ=0.056) | Y_μ=0.259, Y_σ=0.396
[03:58:01] Iter [ 60/100] | Loss: 0.087990 | μ=0.900 (Δ=0.100), σ=1.181 (Δ=0.181) | Y_μ=-0.410, Y_σ=0.306
[03:58:42] Iter [ 65/100] | Loss: 0.102002 | μ=0.540 (Δ=0.460), σ=0.781 (Δ=0.219) | Y_μ=-1.307, Y_σ=0.555
[03:59:24] Iter [ 70/100] | Loss: 0.116176 | μ=0.656 (Δ=0.344), σ=0.960 (Δ=0.040) | Y_μ=-0.653, Y_σ=0.093
[04:00:06] Iter [ 75/100] | Loss: 0.166871 | μ=0.427 (Δ=0.573), σ=1.003 (Δ=0.003) | Y_μ=-1.038, Y_σ=0.115
[04:00:48] Iter [ 80/100] | Loss: 0.096149 | μ=0.738 (Δ=0.262), σ=1.053 (Δ=0.053) | Y_μ=-0.756, Y_σ=0.453
[04:01:29] Iter [ 85/100] | Loss: 0.095743 | μ=0.818 (Δ=0.182), σ=0.994 (Δ=0.006) | Y_μ=-0.998, Y_σ=0.196
[04:02:13] Iter [ 90/100] | Loss: 0.094333 | μ=0.579 (Δ=0.421), σ=0.912 (Δ=0.088) | Y_μ=-1.215, Y_σ=0.400
[04:02:58] Iter [ 95/100] | Loss: 0.098216 | μ=0.355 (Δ=0.645), σ=0.830 (Δ=0.170) | Y_μ=-1.481, Y_σ=0.499
[04:03:43] Iter [100/100] | Loss: 5.379723 | μ=0.715 (Δ=0.285), σ=0.946 (Δ=0.054) | Y_μ=-0.795, Y_σ=0.108
[04:03:43] ======================================================================
[04:03:43] Training Complete! Evaluating with target networks...
[04:03:43] Final Mean: 0.7709 (target: 1.0)
[04:03:43] Final Std:  0.9610 (target: 1.0)
[04:03:43] ======================================================================
[04:03:44] Saved plot: trajectories.png
[04:03:44] Saved plot: terminal_distribution.png
[04:03:44] Saved plot: statistics_evolution.png
[04:03:44] Saved all visualization plots

======================================================================
FINAL RESULTS
======================================================================
  history: {'iteration_losses': [np.float64(0.39287437960505484), np.float64(0.10297952726483345), np.float64(0.09625358305871487), np.float64(0.15713265530765055), np.float64(0.0963719991967082), np.float64(0.0857092859223485), np.float64(0.0978712823614478), np.float64(0.08789675863459706), np.float64(0.09755058556795121), np.float64(0.09229165144264698), np.float64(1.998662694245577), np.float64(0.12109332486987114), np.float64(0.090786664634943), np.float64(0.09940028570592403), np.float64(0.09013907335698605), np.float64(0.11432453513145446), np.float64(0.09506928324699401), np.float64(0.09648500114679337), np.float64(0.10202468812465668), np.float64(0.08815522622317076), np.float64(0.09737931128591298), np.float64(0.09783094190061092), np.float64(0.08745433293282985), np.float64(0.11175236240029335), np.float64(0.10721002973616123), np.float64(16.042263839021324), np.float64(0.15312370866537095), np.float64(0.14409246422350408), np.float64(0.11929062031209468), np.float64(0.09285657163709402), np.float64(0.1060320221632719), np.float64(0.09539714656770229), np.float64(0.09829649522900581), np.float64(0.14890561692416668), np.float64(0.12137102589011192), np.float64(0.09777569100260734), np.float64(0.10819650501012802), np.float64(0.08954489424824714), np.float64(0.09750144168734551), np.float64(0.11736005179584026), np.float64(0.1408740198612213), np.float64(0.09781137228012085), np.float64(0.0925111497566104), np.float64(0.13983891032636164), np.float64(0.21142059460282325), np.float64(0.1860304667800665), np.float64(0.2060711732134223), np.float64(0.11058374337852), np.float64(0.09835841115564108), np.float64(0.09417429011315108), np.float64(0.09472051490098238), np.float64(0.0928099212422967), np.float64(0.10342373449355363), np.float64(0.09759287010878324), np.float64(0.09982528518885374), np.float64(0.17963243991136552), np.float64(0.12705084953457116), np.float64(0.5530550601333379), np.float64(0.11247861854732037), np.float64(0.08798977017402648), np.float64(0.09916622012853622), np.float64(0.09766154028475285), np.float64(0.08772594001144171), np.float64(0.14795160103589297), np.float64(0.10200185641646385), np.float64(0.09708703491836786), np.float64(8.762210243418814), np.float64(0.10694641634821891), np.float64(0.17193077128380538), np.float64(0.11617599315941333), np.float64(0.2026078161597252), np.float64(0.14884040430188178), np.float64(0.1231795909255743), np.float64(0.10024844229221344), np.float64(0.166871140897274), np.float64(0.09074795488268136), np.float64(0.17447442047297954), np.float64(0.10012252293527127), np.float64(0.13133306510746479), np.float64(0.09614915672689676), np.float64(0.10308132268488407), np.float64(0.09974437847733497), np.float64(0.08502915332093836), np.float64(0.10637001879513264), np.float64(0.09574290748685599), np.float64(0.0860513262078166), np.float64(0.09518418904393912), np.float64(1.6470774630457163), np.float64(0.12250857632607222), np.float64(0.09433310989290476), np.float64(0.08684640806168317), np.float64(0.09881957430392503), np.float64(0.3114769819378853), np.float64(0.09740055426955223), np.float64(0.09821605794131756), np.float64(0.13532373391091823), np.float64(0.08513269111514092), np.float64(0.10038044467568398), np.float64(0.0884466603025794), np.float64(5.379722523242235)], 'terminal_means': [np.float32(0.029710742), np.float32(0.85427195), np.float32(0.558848), np.float32(0.8036078), np.float32(0.5071595), np.float32(0.8066955), np.float32(0.55592304), np.float32(0.98056984), np.float32(0.2594567), np.float32(1.0999925), np.float32(0.43845364), np.float32(0.6809945), np.float32(1.0594921), np.float32(0.39906412), np.float32(0.8281428), np.float32(0.6834846), np.float32(0.4714268), np.float32(0.77693987), np.float32(0.55301726), np.float32(0.5134946), np.float32(1.1137558), np.float32(0.4317227), np.float32(0.84248036), np.float32(0.26785016), np.float32(1.0051951), np.float32(0.7113745), np.float32(0.46158284), np.float32(0.8117459), np.float32(0.47472703), np.float32(0.7001725), np.float32(0.7739918), np.float32(0.5600196), np.float32(0.5320758), np.float32(0.8007051), np.float32(0.5674182), np.float32(0.60512316), np.float32(0.8852669), np.float32(0.43015695), np.float32(0.26353467), np.float32(1.3631918), np.float32(-0.06341177), np.float32(0.6093327), np.float32(0.9039926), np.float32(0.57565), np.float32(0.78641397), np.float32(0.46688637), np.float32(0.7543189), np.float32(0.76480174), np.float32(0.64621365), np.float32(0.7411401), np.float32(0.82914233), np.float32(0.95611477), np.float32(0.16322824), np.float32(0.57692444), np.float32(1.2179481), np.float32(0.49225706), np.float32(0.85792446), np.float32(0.584996), np.float32(0.8035037), np.float32(0.89980084), np.float32(0.25666934), np.float32(0.9929297), np.float32(0.8193009), np.float32(0.047000393), np.float32(0.54000485), np.float32(1.4371879), np.float32(-0.026066806), np.float32(0.98129797), np.float32(0.57750213), np.float32(0.65612257), np.float32(0.7323028), np.float32(0.6476785), np.float32(0.7319357), np.float32(0.7202848), np.float32(0.42669553), np.float32(0.70578873), np.float32(0.8377743), np.float32(0.6201277), np.float32(0.5732438), np.float32(0.7377629), np.float32(1.0366313), np.float32(0.18832195), np.float32(0.699873), np.float32(1.102536), np.float32(0.8178147), np.float32(0.76033473), np.float32(0.9666946), np.float32(0.2309711), np.float32(0.97734565), np.float32(0.57885665), np.float32(0.7795594), np.float32(0.17828554), np.float32(1.5120087), np.float32(0.21115108), np.float32(0.35538474), np.float32(1.3841276), np.float32(0.35599735), np.float32(0.62921244), np.float32(0.8487507), np.float32(0.7146861)], 'terminal_vars': [np.float32(0.9452491), np.float32(0.9146615), np.float32(0.8542678), np.float32(1.1698217), np.float32(1.0242316), np.float32(1.2565658), np.float32(0.7689103), np.float32(1.5113642), np.float32(0.7479198), np.float32(1.1937178), np.float32(0.877012), np.float32(0.8416019), np.float32(1.1069185), np.float32(0.7557906), np.float32(1.0274563), np.float32(0.8450713), np.float32(1.0681775), np.float32(0.8572992), np.float32(1.0793071), np.float32(1.2473226), np.float32(0.9014472), np.float32(0.7750646), np.float32(1.24639), np.float32(0.94387496), np.float32(0.88057905), np.float32(1.06551), np.float32(1.0696726), np.float32(1.0989175), np.float32(0.9904306), np.float32(0.9005953), np.float32(1.1671164), np.float32(1.1074598), np.float32(0.7357015), np.float32(0.9714036), np.float32(0.99017817), np.float32(0.86687064), np.float32(1.2001104), np.float32(1.2008389), np.float32(0.7660122), np.float32(1.1207235), np.float32(1.3398845), np.float32(0.6991887), np.float32(1.0721482), np.float32(0.9171249), np.float32(0.88154376), np.float32(0.9243423), np.float32(1.0332537), np.float32(1.0137242), np.float32(0.97016966), np.float32(0.954047), np.float32(0.84945774), np.float32(1.1133307), np.float32(0.93672496), np.float32(0.75799453), np.float32(1.1145386), np.float32(0.94513667), np.float32(0.93233514), np.float32(1.0761125), np.float32(1.1077665), np.float32(1.394459), np.float32(0.85531557), np.float32(0.75293297), np.float32(1.494803), np.float32(0.92923075), np.float32(0.60962474), np.float32(0.97744113), np.float32(1.0389822), np.float32(0.7842294), np.float32(1.0144596), np.float32(0.9217566), np.float32(1.1584146), np.float32(0.99918455), np.float32(0.98607165), np.float32(0.9025059), np.float32(1.0067885), np.float32(1.2225726), np.float32(0.7378117), np.float32(0.81507254), np.float32(1.029757), np.float32(1.1085596), np.float32(0.60322666), np.float32(0.9659561), np.float32(1.6091669), np.float32(0.7565546), np.float32(0.9873605), np.float32(1.3609705), np.float32(0.7947047), np.float32(1.1394736), np.float32(1.3787117), np.float32(0.8322779), np.float32(1.1934153), np.float32(0.7130239), np.float32(0.8390775), np.float32(1.293782), np.float32(0.68938124), np.float32(1.0392697), np.float32(1.3838503), np.float32(0.90657437), np.float32(1.2422817), np.float32(0.8952613)], 'y_means': [np.float64(-1.8382032322883606), np.float64(-0.2785789954662323), np.float64(-0.965645718574524), np.float64(-0.29150451719760895), np.float64(-1.0361582517623902), np.float64(-0.1333456701040268), np.float64(-1.199020233154297), np.float64(0.413792729973793), np.float64(-1.838286690711975), np.float64(0.02715932723134756), np.float64(-1.0195346534252168), np.float64(-1.2468025469779969), np.float64(-0.0055732942139729855), np.float64(-1.0419043445587157), np.float64(-0.27756416201591494), np.float64(-0.4111656469106674), np.float64(-0.9170670616626739), np.float64(-0.6285110223293304), np.float64(-0.6070039820671081), np.float64(-1.323794822692871), np.float64(0.4198253685235977), np.float64(-0.9936436259746552), np.float64(-0.13323277980089188), np.float64(-1.6261869359016419), np.float64(-0.14762199714779853), np.float64(-0.2721967273950577), np.float64(-1.112533185482025), np.float64(-0.241960286796093), np.float64(-0.9279974472522735), np.float64(-0.5121964633464813), np.float64(-0.5201155865192413), np.float64(-0.8256014847755432), np.float64(-0.667254421710968), np.float64(-0.2829302906990051), np.float64(-0.7568473660945892), np.float64(-0.9378029763698578), np.float64(0.011642871429212392), np.float64(-0.6646653401851654), np.float64(-1.5109522581100463), np.float64(0.8817155909538269), np.float64(-2.1927646684646604), np.float64(-0.6473555886745452), np.float64(-0.511275714635849), np.float64(-0.9388356459140778), np.float64(-0.18785846531391143), np.float64(-1.111409933567047), np.float64(-0.6650576066970825), np.float64(-0.5920801675319671), np.float64(-0.8071657502651215), np.float64(-0.8434928750991821), np.float64(-0.6748688316345215), np.float64(0.17494300439953803), np.float64(-1.184154074192047), np.float64(-1.0989429926872254), np.float64(0.2591909500956535), np.float64(-1.3229760241508484), np.float64(-0.38847443342208865), np.float64(-0.8387075579166412), np.float64(-0.7609208714962006), np.float64(-0.40955338716506956), np.float64(-1.239571008682251), np.float64(-0.13429530680179597), np.float64(0.0063281469698995355), np.float64(-1.7102531957626343), np.float64(-1.3070747947692871), np.float64(1.238515694141388), np.float64(-2.2131505537033083), np.float64(0.13453057043254377), np.float64(-0.8237288248538971), np.float64(-0.653445383310318), np.float64(-0.5682677155733109), np.float64(-0.7164012277126313), np.float64(-0.6191158950328827), np.float64(-0.3156860983371735), np.float64(-1.038291459083557), np.float64(-0.3382322245836258), np.float64(-0.6428973877429962), np.float64(-0.7074287796020508), np.float64(-0.7251424837112427), np.float64(-0.7557142794132232), np.float64(-0.17284534692764283), np.float64(-1.3182370495796203), np.float64(-0.6265578544139863), np.float64(-0.3923970353603363), np.float64(-0.9981278538703918), np.float64(-0.523346745967865), np.float64(-0.08373778402805328), np.float64(-1.6113569307327271), np.float64(0.11529191046953201), np.float64(-1.215015676021576), np.float64(-0.3118488985300064), np.float64(-1.7525975179672242), np.float64(0.888831228017807), np.float64(-1.3947117590904237), np.float64(-1.4812296628952026), np.float64(0.5883813512325287), np.float64(-1.1897139716148377), np.float64(-1.180657126903534), np.float64(-0.18100195705890657), np.float64(-0.794573894739151)], 'y_stds': [np.float64(0.0434372765943408), np.float64(0.0434372765943408), np.float64(0.14905546098969352), np.float64(0.14905546098969352), np.float64(0.26812275812058944), np.float64(0.26812275812058944), np.float64(0.03368242956697941), np.float64(0.03368242956697941), np.float64(0.37245267868071097), np.float64(0.37245267868071097), np.float64(0.6274855494499206), np.float64(0.6274855494499206), np.float64(0.651949490904808), np.float64(0.651949490904808), np.float64(0.7825205111505056), np.float64(0.7825205111505056), np.float64(0.7390723472833634), np.float64(0.7390723472833634), np.float64(0.42374270483851434), np.float64(0.42374270483851434), np.float64(0.09690768604254117), np.float64(0.09690768604254117), np.float64(0.1608446723598172), np.float64(0.1608446723598172), np.float64(0.3899475213978451), np.float64(0.3899475213978451), np.float64(0.2510813134913042), np.float64(0.2510813134913042), np.float64(0.33185484290122985), np.float64(0.33185484290122985), np.float64(0.15730416301659716), np.float64(0.15730416301659716), np.float64(0.28448272578476463), np.float64(0.28448272578476463), np.float64(0.2823023565858602), np.float64(0.2823023565858602), np.float64(0.17083854820608393), np.float64(0.17083854820608393), np.float64(0.35004827097058294), np.float64(0.35004827097058294), np.float64(0.17898560404821182), np.float64(0.17898560404821182), np.float64(0.399006992578943), np.float64(0.399006992578943), np.float64(0.3317276759445667), np.float64(0.3317276759445667), np.float64(0.28247115120379024), np.float64(0.28247115120379024), np.float64(0.12179166786379937), np.float64(0.12179166786379937), np.float64(0.05469287603820703), np.float64(0.05469287603820703), np.float64(0.07276009595021606), np.float64(0.07276009595021606), np.float64(0.0762569221481681), np.float64(0.0762569221481681), np.float64(0.13314342238067184), np.float64(0.13314342238067184), np.float64(0.23058380767703057), np.float64(0.23058380767703057), np.float64(0.182892024256289), np.float64(0.182892024256289), np.float64(0.221262511760724), np.float64(0.221262511760724), np.float64(0.3469640956819057), np.float64(0.3469640956819057), np.float64(0.09259863715618849), np.float64(0.09259863715618849), np.float64(0.07172484306662227), np.float64(0.07172484306662227), np.float64(0.513066014200449), np.float64(0.513066014200449), np.float64(0.1737491151690847), np.float64(0.1737491151690847), np.float64(0.4360143579542637), np.float64(0.4360143579542637), np.float64(0.9838283634185792), np.float64(0.9838283634185792), np.float64(0.16126495495540438), np.float64(0.16126495495540438), np.float64(0.21340474173426627), np.float64(0.21340474173426627), np.float64(0.2811967132240534), np.float64(0.2811967132240534), np.float64(0.21763490095734597), np.float64(0.21763490095734597), np.float64(0.07956375315785408), np.float64(0.07956375315785408), np.float64(0.02718537121094414), np.float64(0.02718537121094414), np.float64(0.07752150662330677), np.float64(0.07752150662330677), np.float64(0.0356838729516312), np.float64(0.0356838729516312), np.float64(0.12752588801085948), np.float64(0.12752588801085948), np.float64(0.1526455622173671), np.float64(0.1526455622173671), np.float64(0.2542967081069946), np.float64(0.2542967081069946), np.float64(0.23113766968250274), np.float64(0.23113766968250274), np.float64(0.24254750579595566), np.float64(0.24254750579595566), np.float64(0.1512022526562214), np.float64(0.1512022526562214), np.float64(0.33178443640470506), np.float64(0.33178443640470506), np.float64(0.3957171557846232), np.float64(0.3957171557846232), np.float64(0.13402875076979398), np.float64(0.13402875076979398), np.float64(0.0631211095675826), np.float64(0.0631211095675826), np.float64(0.2201894706139865), np.float64(0.2201894706139865), np.float64(0.22505739748521592), np.float64(0.22505739748521592), np.float64(0.3063914342228236), np.float64(0.3063914342228236), np.float64(0.39124796494841574), np.float64(0.39124796494841574), np.float64(0.43124847456816495), np.float64(0.43124847456816495), np.float64(0.6996143090724946), np.float64(0.6996143090724946), np.float64(0.19702606543927687), np.float64(0.19702606543927687), np.float64(0.5547690358757973), np.float64(0.5547690358757973), np.float64(0.26114125192165377), np.float64(0.26114125192165377), np.float64(0.05423930807097349), np.float64(0.05423930807097349), np.float64(0.11723496835686092), np.float64(0.11723496835686092), np.float64(0.0654312411142746), np.float64(0.0654312411142746), np.float64(0.09318300094470032), np.float64(0.09318300094470032), np.float64(0.09795919302865513), np.float64(0.09795919302865513), np.float64(0.08316652527122642), np.float64(0.08316652527122642), np.float64(0.07184458058371092), np.float64(0.07184458058371092), np.float64(0.17860464811325072), np.float64(0.17860464811325072), np.float64(0.11523003101436188), np.float64(0.11523003101436188), np.float64(0.33650456696763287), np.float64(0.33650456696763287), np.float64(0.06624238947435515), np.float64(0.06624238947435515), np.float64(0.1574724229426647), np.float64(0.1574724229426647), np.float64(0.25324357930614494), np.float64(0.25324357930614494), np.float64(0.45258934184923416), np.float64(0.45258934184923416), np.float64(0.42385347202420237), np.float64(0.42385347202420237), np.float64(0.30339348025619983), np.float64(0.30339348025619983), np.float64(0.8324455660581589), np.float64(0.8324455660581589), np.float64(0.39417480438954955), np.float64(0.39417480438954955), np.float64(0.1957687116418674), np.float64(0.1957687116418674), np.float64(0.6723768842221761), np.float64(0.6723768842221761), np.float64(0.4161805337668011), np.float64(0.4161805337668011), np.float64(0.1467955601369613), np.float64(0.1467955601369613), np.float64(0.11084028353920075), np.float64(0.11084028353920075), np.float64(0.40041167244315146), np.float64(0.40041167244315146), np.float64(0.5069274297356605), np.float64(0.5069274297356605), np.float64(0.3726114518943359), np.float64(0.3726114518943359), np.float64(0.11593310536889476), np.float64(0.11593310536889476), np.float64(0.3696743690973381), np.float64(0.3696743690973381), np.float64(0.49869956597685816), np.float64(0.49869956597685816), np.float64(0.10660796836018563), np.float64(0.10660796836018563), np.float64(0.4261240610483219), np.float64(0.4261240610483219), np.float64(0.378171796053648), np.float64(0.378171796053648), np.float64(0.4311083212495214), np.float64(0.4311083212495214), np.float64(0.10772667669545627), np.float64(0.10772667669545627)]}
  final_mean: 0.770942211151123
  final_var: 0.9235511422157288
  final_trajectories: tensor([[[ 0.0000],
         [ 0.0000],
         [ 0.0000],
         ...,
         [ 0.0000],
         [ 0.0000],
         [ 0.0000]],

        [[ 0.0179],
         [-0.0370],
         [ 0.0244],
         ...,
         [-0.3254],
         [-0.0243],
         [-0.0832]],

        [[-0.3011],
         [ 0.0474],
         [ 0.0856],
         ...,
         [-0.3570],
         [-0.0152],
         [-0.0797]],

        ...,

        [[ 1.9288],
         [ 2.5438],
         [ 0.9992],
         ...,
         [ 1.2989],
         [ 0.3564],
         [ 2.3990]],

        [[ 2.0485],
         [ 2.5089],
         [ 0.9669],
         ...,
         [ 0.9854],
         [ 0.3809],
         [ 2.6304]],

        [[ 2.3111],
         [ 2.4735],
         [ 0.8623],
         ...,
         [ 0.8024],
         [ 0.5339],
         [ 2.6408]]])

Completed: 2026-02-10T08:07:11.557388
