Experiment: 2026-02-10_08-26-39_mfc_backward_regression
Started: 2026-02-10T08:26:39.702916
======================================================================

======================================================================
MFC Configuration (Iterative Backward Regression)
======================================================================
  Physics:    T=1.0, N=50, σ=1.0, dim=1
  Target:     N(1.0, 1.0)
  Target Score: mode=learned
  Initial:    dirac at 0.0
----------------------------------------------------------------------
  Model:      hidden=64, layers=3, time_emb=16
  Training:   100 iterations × 100 epochs, batch=16384, lr=0.001
  Polyak τ:   0.5
  λ (terminal_weight): 2.0
======================================================================

[08:26:39] Pre-training target score network (DSM)...
[08:26:39]   Mode: learned
[08:26:39]   Steps: 2000, LR: 0.001
[08:26:39]   Samples: 10000, σ_dsm: 0.1
[08:26:42] Target score pre-training complete. Final loss: 0.964990
[08:26:42] Initialized solver on device: cpu
[08:26:42] Number of networks: 50
[08:26:42] Polyak averaging τ: 0.5
[08:26:42] Total parameters (trainable): 428,850
[08:26:42] ======================================================================
[08:26:42] Starting Iterative Backward Regression (Polyak Averaging)
[08:26:42] ======================================================================
[08:26:42] Iterations: 100
[08:26:42] Backward epochs per step: 100
[08:26:42] Batch size: 16384
[08:26:42] Polyak τ: 0.5
[08:26:42] Polyak τ: 0.5
[08:26:42] λ (terminal_weight): 2.0
[08:26:42] Target: N(1.0, 1.0)
[08:26:42] ======================================================================
[08:27:22] Iter [  1/100] | Loss: 0.571087 | μ=0.028 (Δ=0.972), σ=0.976 (Δ=0.024) | Y_μ=-2.224, Y_σ=0.109
[08:29:43] Iter [  5/100] | Loss: 0.162808 | μ=0.563 (Δ=0.437), σ=0.994 (Δ=0.006) | Y_μ=-0.657, Y_σ=0.068
[08:32:46] Iter [ 10/100] | Loss: 0.095479 | μ=0.586 (Δ=0.414), σ=0.901 (Δ=0.099) | Y_μ=-0.747, Y_σ=0.244
[08:36:18] Iter [ 15/100] | Loss: 0.132880 | μ=0.551 (Δ=0.449), σ=0.971 (Δ=0.029) | Y_μ=-0.881, Y_σ=0.054
[08:39:35] Iter [ 20/100] | Loss: 0.094002 | μ=0.570 (Δ=0.430), σ=0.952 (Δ=0.048) | Y_μ=-0.846, Y_σ=0.209
[08:43:02] Iter [ 25/100] | Loss: 0.091082 | μ=0.910 (Δ=0.090), σ=1.107 (Δ=0.107) | Y_μ=-0.155, Y_σ=0.211
[08:46:35] Iter [ 30/100] | Loss: 0.097264 | μ=0.610 (Δ=0.390), σ=0.870 (Δ=0.130) | Y_μ=-0.733, Y_σ=0.307
[08:50:04] Iter [ 35/100] | Loss: 0.094022 | μ=0.812 (Δ=0.188), σ=1.028 (Δ=0.028) | Y_μ=-0.319, Y_σ=0.191
[08:53:42] Iter [ 40/100] | Loss: 0.126603 | μ=1.176 (Δ=0.176), σ=1.080 (Δ=0.080) | Y_μ=0.374, Y_σ=0.120
[08:57:22] Iter [ 45/100] | Loss: 0.095214 | μ=0.740 (Δ=0.260), σ=0.877 (Δ=0.123) | Y_μ=-0.116, Y_σ=0.226
[09:00:49] Iter [ 50/100] | Loss: 0.088250 | μ=0.912 (Δ=0.088), σ=1.078 (Δ=0.078) | Y_μ=-0.235, Y_σ=0.235
[09:04:05] Iter [ 55/100] | Loss: 0.103142 | μ=0.901 (Δ=0.099), σ=0.935 (Δ=0.065) | Y_μ=-0.246, Y_σ=0.139
[09:07:16] Iter [ 60/100] | Loss: 0.095315 | μ=0.407 (Δ=0.593), σ=0.983 (Δ=0.017) | Y_μ=-1.361, Y_σ=0.307
[09:10:38] Iter [ 65/100] | Loss: 1.627145 | μ=0.232 (Δ=0.768), σ=0.977 (Δ=0.023) | Y_μ=-1.527, Y_σ=0.048
[09:14:58] Iter [ 70/100] | Loss: 0.095134 | μ=0.505 (Δ=0.495), σ=0.922 (Δ=0.078) | Y_μ=-0.792, Y_σ=0.267
[09:18:10] Iter [ 75/100] | Loss: 0.090480 | μ=0.432 (Δ=0.568), σ=1.075 (Δ=0.075) | Y_μ=-1.010, Y_σ=0.442
[09:21:16] Iter [ 80/100] | Loss: 0.126746 | μ=0.534 (Δ=0.466), σ=0.979 (Δ=0.021) | Y_μ=-0.988, Y_σ=0.067
[09:24:24] Iter [ 85/100] | Loss: 0.155887 | μ=0.684 (Δ=0.316), σ=0.967 (Δ=0.033) | Y_μ=-0.462, Y_σ=0.050
[09:27:25] Iter [ 90/100] | Loss: 0.090392 | μ=0.626 (Δ=0.374), σ=1.026 (Δ=0.026) | Y_μ=-0.612, Y_σ=0.428
[09:30:26] Iter [ 95/100] | Loss: 0.135597 | μ=0.805 (Δ=0.195), σ=0.940 (Δ=0.060) | Y_μ=-0.381, Y_σ=0.055
[09:33:27] Iter [100/100] | Loss: 0.100193 | μ=0.621 (Δ=0.379), σ=1.042 (Δ=0.042) | Y_μ=-0.663, Y_σ=0.108
[09:33:27] ======================================================================
[09:33:27] Training Complete! Evaluating with target networks...
[09:33:27] Final Mean: 0.6291 (target: 1.0)
[09:33:27] Final Std:  1.0728 (target: 1.0)
[09:33:27] ======================================================================
[09:33:28] Saved plot: trajectories.png
[09:33:28] Saved plot: terminal_distribution.png
[09:33:28] Saved plot: statistics_evolution.png
[09:33:28] Saved all visualization plots

======================================================================
FINAL RESULTS
======================================================================
  history: {'iteration_losses': [np.float64(0.5710871094092727), np.float64(0.0925569462031126), np.float64(0.10703009743243456), np.float64(0.13928675577044486), np.float64(0.1628075172752142), np.float64(0.0923448458686471), np.float64(0.08692218396812677), np.float64(0.1220477781817317), np.float64(0.09225736055523157), np.float64(0.0954787526652217), np.float64(0.10068347379565239), np.float64(0.6116997021436691), np.float64(0.0950653898715973), np.float64(0.08944323603063822), np.float64(0.13288023844361305), np.float64(0.09543492663651705), np.float64(0.09139829967170954), np.float64(0.10479566927999258), np.float64(0.1078390608727932), np.float64(0.09400176864117384), np.float64(0.09042400635778904), np.float64(0.10472425367683172), np.float64(0.09677653409540653), np.float64(0.09870541669428348), np.float64(0.09108195077627897), np.float64(0.10908397488296032), np.float64(0.09797435462474822), np.float64(0.127430065497756), np.float64(0.1039601220563054), np.float64(0.09726372253149748), np.float64(0.14202264979481696), np.float64(0.1470805733278394), np.float64(0.09655251190066337), np.float64(0.11972274746745824), np.float64(0.09402224976569414), np.float64(0.08964500963687896), np.float64(0.09137556385248899), np.float64(0.08729267045855522), np.float64(0.09386920165270567), np.float64(0.12660262748599052), np.float64(0.09613824594765902), np.float64(0.09504780929535628), np.float64(0.11659340921789407), np.float64(0.09779760770499707), np.float64(0.09521373093128205), np.float64(0.17225836127996444), np.float64(0.08776890963315964), np.float64(0.09999316684901714), np.float64(0.15985031843185424), np.float64(0.08824963860213757), np.float64(0.10407488770782948), np.float64(0.08986115384846925), np.float64(0.0976767236739397), np.float64(0.10252033524215222), np.float64(0.10314201690256596), np.float64(0.11439828619360924), np.float64(0.087929269336164), np.float64(0.09494518782943487), np.float64(0.10230545472353697), np.float64(0.09531459584832191), np.float64(0.11635726395994425), np.float64(0.26329831294715406), np.float64(0.09295450404286384), np.float64(0.09366594765335322), np.float64(1.6271449396386743), np.float64(0.10138193469494582), np.float64(0.0898198638856411), np.float64(0.09812764588743449), np.float64(0.09124680817127227), np.float64(0.09513416104018688), np.float64(3.091889039427042), np.float64(0.09571002840995789), np.float64(0.11067080169916153), np.float64(0.11598801586776972), np.float64(0.0904798048362136), np.float64(0.11882341787219047), np.float64(0.1108251030743122), np.float64(0.3294988839328289), np.float64(0.10952145479619503), np.float64(0.12674597512930633), np.float64(0.11510241866111755), np.float64(0.1370603158697486), np.float64(0.13123961925506591), np.float64(0.11369506426155568), np.float64(0.155887436196208), np.float64(0.15572536673396825), np.float64(0.10230510901659727), np.float64(0.09369794636964798), np.float64(0.15489405021071434), np.float64(0.09039229735732078), np.float64(0.09943973034620285), np.float64(0.0995570807904005), np.float64(0.09153164308518172), np.float64(0.2597264079004526), np.float64(0.1355969075113535), np.float64(0.09070666197687388), np.float64(0.09448935497552156), np.float64(0.10857290502637625), np.float64(0.10488003302365541), np.float64(0.10019289404153824)], 'terminal_means': [np.float32(0.027584795), np.float32(1.0365819), np.float32(0.36059606), np.float32(0.7747282), np.float32(0.56275445), np.float32(0.59051293), np.float32(0.81796736), np.float32(0.44748014), np.float32(0.7955508), np.float32(0.58590937), np.float32(0.6639003), np.float32(0.5970789), np.float32(0.5949917), np.float32(0.82468545), np.float32(0.55126965), np.float32(0.6952144), np.float32(0.49702144), np.float32(0.7773179), np.float32(0.7225268), np.float32(0.57009876), np.float32(0.7102554), np.float32(0.67807746), np.float32(0.66034853), np.float32(0.5451534), np.float32(0.9103693), np.float32(0.38945526), np.float32(0.70449793), np.float32(1.053052), np.float32(0.38141134), np.float32(0.60987103), np.float32(0.97735745), np.float32(0.5777399), np.float32(0.70910394), np.float32(0.4371854), np.float32(0.81206137), np.float32(0.58063865), np.float32(0.8195312), np.float32(0.6790464), np.float32(0.59511673), np.float32(1.1762737), np.float32(0.18552569), np.float32(0.6631856), np.float32(0.65614164), np.float32(0.9335626), np.float32(0.7404125), np.float32(0.17269988), np.float32(0.96069574), np.float32(1.0146127), np.float32(0.053086862), np.float32(0.912161), np.float32(0.7458941), np.float32(0.6758599), np.float32(0.45899045), np.float32(0.6907781), np.float32(0.9012054), np.float32(0.3837975), np.float32(0.906972), np.float32(0.66977215), np.float32(0.87295294), np.float32(0.40736467), np.float32(1.1479452), np.float32(0.16351852), np.float32(0.724326), np.float32(0.9553739), np.float32(0.23150173), np.float32(0.85603976), np.float32(0.6413876), np.float32(0.7210563), np.float32(0.7066624), np.float32(0.5051974), np.float32(0.8455026), np.float32(0.5369599), np.float32(0.56803054), np.float32(1.0661129), np.float32(0.43211174), np.float32(0.7783381), np.float32(0.42541462), np.float32(0.72102267), np.float32(0.6042429), np.float32(0.5341733), np.float32(0.7785728), np.float32(0.80916625), np.float32(0.4828145), np.float32(0.7381183), np.float32(0.6843784), np.float32(0.61938965), np.float32(0.7130808), np.float32(0.680777), np.float32(0.85556203), np.float32(0.62643135), np.float32(0.7642081), np.float32(0.30783504), np.float32(0.9542817), np.float32(0.40863097), np.float32(0.80513406), np.float32(0.64268196), np.float32(0.70195544), np.float32(0.6782646), np.float32(0.87239116), np.float32(0.62093055)], 'terminal_vars': [np.float32(0.9527292), np.float32(1.0171576), np.float32(0.85295856), np.float32(1.0718976), np.float32(0.9875047), np.float32(1.0284944), np.float32(1.2247779), np.float32(0.8309554), np.float32(0.96178603), np.float32(0.81244713), np.float32(1.0672175), np.float32(0.9062628), np.float32(1.0034899), np.float32(1.1445456), np.float32(0.94260657), np.float32(0.93662214), np.float32(1.2193012), np.float32(0.9886981), np.float32(0.90519303), np.float32(0.9070817), np.float32(1.1075674), np.float32(0.8733574), np.float32(0.99901587), np.float32(0.94967794), np.float32(1.2262349), np.float32(1.0180929), np.float32(0.67728835), np.float32(1.0925269), np.float32(1.2723465), np.float32(0.7574437), np.float32(0.9531495), np.float32(0.97560644), np.float32(1.035474), np.float32(0.9619117), np.float32(1.0558643), np.float32(1.1790835), np.float32(0.9133208), np.float32(1.1668763), np.float32(0.8982261), np.float32(1.1658881), np.float32(1.2365339), np.float32(0.8099868), np.float32(1.2191507), np.float32(1.0745935), np.float32(0.76949036), np.float32(0.9165181), np.float32(1.3913041), np.float32(0.637007), np.float32(0.98098063), np.float32(1.1630151), np.float32(0.8921821), np.float32(1.0730628), np.float32(0.7597513), np.float32(1.099938), np.float32(0.8737767), np.float32(1.0072757), np.float32(1.1744865), np.float32(0.86942244), np.float32(1.1418154), np.float32(0.96534085), np.float32(1.1476353), np.float32(1.0328717), np.float32(0.8276292), np.float32(1.145973), np.float32(0.95503795), np.float32(0.9864964), np.float32(1.1099303), np.float32(0.7887505), np.float32(1.0565736), np.float32(0.84932256), np.float32(1.1079603), np.float32(1.1036729), np.float32(0.94871247), np.float32(1.1169736), np.float32(1.1553419), np.float32(0.8686694), np.float32(0.9254539), np.float32(1.1127543), np.float32(1.0613784), np.float32(0.9587879), np.float32(1.0295117), np.float32(0.8668329), np.float32(0.98074245), np.float32(0.97565943), np.float32(0.9345033), np.float32(1.015105), np.float32(1.0643518), np.float32(0.927158), np.float32(1.1032994), np.float32(1.0526764), np.float32(0.75881624), np.float32(1.0427341), np.float32(1.2988968), np.float32(0.9338118), np.float32(0.8844255), np.float32(1.0307693), np.float32(0.88242364), np.float32(1.0818084), np.float32(0.99157816), np.float32(1.0851837)], 'y_means': [np.float64(-2.2237388467788697), np.float64(0.09498329177498817), np.float64(-1.3334387516975403), np.float64(-0.4354292887449265), np.float64(-0.6571674132347107), np.float64(-0.9628778576850892), np.float64(-0.13074399173259735), np.float64(-1.1788878560066223), np.float64(-0.400247654914856), np.float64(-0.747028362751007), np.float64(-0.5270433449745178), np.float64(-0.5401011288166047), np.float64(-1.0224314403533936), np.float64(-0.2956091910600662), np.float64(-0.8812000393867493), np.float64(-0.371225152015686), np.float64(-0.9955392026901245), np.float64(-0.623622213602066), np.float64(-0.40741935253143313), np.float64(-0.8457223391532898), np.float64(-0.513442302942276), np.float64(-0.743245621919632), np.float64(-0.45292444944381716), np.float64(-1.014519419670105), np.float64(-0.1548904311656952), np.float64(-1.2664481711387634), np.float64(-0.8415691375732421), np.float64(0.02313318492320832), np.float64(-1.253688564300537), np.float64(-0.7327103281021118), np.float64(-0.287172734439373), np.float64(-0.9200199270248413), np.float64(-0.21156113147735595), np.float64(-1.0470513415336609), np.float64(-0.3191490089893341), np.float64(-0.8277488625049592), np.float64(-0.6219628632068634), np.float64(-0.5673578524589539), np.float64(-1.0201185393333434), np.float64(0.3740002620220184), np.float64(-1.8406387448310852), np.float64(-0.6728600013256073), np.float64(-0.9416821610927582), np.float64(-0.3264968693256378), np.float64(-0.11631141111254692), np.float64(-1.673370382785797), np.float64(-0.20926478892564773), np.float64(0.08122961178421974), np.float64(-1.8155001664161683), np.float64(-0.23451946139335633), np.float64(-0.48333440601825717), np.float64(-0.6230312049388885), np.float64(-0.7563281893730164), np.float64(-0.6180624604225159), np.float64(-0.2461792966723442), np.float64(-1.448861162662506), np.float64(-0.048976662307977675), np.float64(-0.7549244523048401), np.float64(-0.38675423204898834), np.float64(-1.3611088061332703), np.float64(0.33289185106754304), np.float64(-1.5675095534324646), np.float64(-0.5014953660964966), np.float64(-0.02175069603137672), np.float64(-1.5271087741851808), np.float64(-0.32467938244342803), np.float64(-0.4357012319564819), np.float64(-0.5254629743099213), np.float64(-0.5610835385322571), np.float64(-0.7918798267841339), np.float64(-0.23602832615375519), np.float64(-0.5601526534557343), np.float64(-1.1677793073654175), np.float64(0.03784190848848084), np.float64(-1.0099094676971436), np.float64(-0.2988840639591217), np.float64(-1.1775843381881714), np.float64(-0.4949243050813675), np.float64(-0.40991313993930817), np.float64(-0.9884220123291015), np.float64(-0.7382581555843353), np.float64(-0.3907203143835068), np.float64(-0.9645351028442383), np.float64(-0.5784401750564575), np.float64(-0.4623065197467804), np.float64(-0.8226940631866455), np.float64(-0.6965805995464325), np.float64(-0.8576839876174926), np.float64(-0.3407294976711273), np.float64(-0.6119893372058869), np.float64(-0.14713636606931688), np.float64(-1.6993546748161317), np.float64(-0.20801139563322069), np.float64(-1.2345612144470215), np.float64(-0.3810244196653366), np.float64(-0.5706183767318725), np.float64(-0.7297698962688446), np.float64(-0.805788426399231), np.float64(-0.4310307323932648), np.float64(-0.6630458021163941)], 'y_stds': [np.float64(0.10867747202515603), np.float64(0.10867747202515603), np.float64(0.13244652345777014), np.float64(0.13244652345777014), np.float64(0.171418112590909), np.float64(0.171418112590909), np.float64(0.0613971551508439), np.float64(0.0613971551508439), np.float64(0.0679710684902966), np.float64(0.0679710684902966), np.float64(0.2060582152754432), np.float64(0.2060582152754432), np.float64(0.3982166048884483), np.float64(0.3982166048884483), np.float64(0.11549587778747082), np.float64(0.11549587778747082), np.float64(0.26374836206439795), np.float64(0.26374836206439795), np.float64(0.24433900587260723), np.float64(0.24433900587260723), np.float64(0.14881165243685246), np.float64(0.14881165243685246), np.float64(0.03688339051097501), np.float64(0.03688339051097501), np.float64(0.16506663799293164), np.float64(0.16506663799293164), np.float64(0.250274802744425), np.float64(0.250274802744425), np.float64(0.0539533056133223), np.float64(0.0539533056133223), np.float64(0.2788094907999403), np.float64(0.2788094907999403), np.float64(0.14420355454098172), np.float64(0.14420355454098172), np.float64(0.0980521459504962), np.float64(0.0980521459504962), np.float64(0.09658143393697173), np.float64(0.09658143393697173), np.float64(0.20904823504399248), np.float64(0.20904823504399248), np.float64(0.19171411253511905), np.float64(0.19171411253511905), np.float64(0.10709504680718965), np.float64(0.10709504680718965), np.float64(0.2055671888589859), np.float64(0.2055671888589859), np.float64(0.23026082813739776), np.float64(0.23026082813739776), np.float64(0.21114515021446095), np.float64(0.21114515021446095), np.float64(0.2596437169612182), np.float64(0.2596437169612182), np.float64(0.3167756624521644), np.float64(0.3167756624521644), np.float64(0.20524150805547892), np.float64(0.20524150805547892), np.float64(0.26818756982684133), np.float64(0.26818756982684133), np.float64(0.30739203169941903), np.float64(0.30739203169941903), np.float64(0.07354575514795215), np.float64(0.07354575514795215), np.float64(0.0665992196091247), np.float64(0.0665992196091247), np.float64(0.14236313365404385), np.float64(0.14236313365404385), np.float64(0.14911994509406212), np.float64(0.14911994509406212), np.float64(0.19133811645211607), np.float64(0.19133811645211607), np.float64(0.18264007695037435), np.float64(0.18264007695037435), np.float64(0.3423479744792348), np.float64(0.3423479744792348), np.float64(0.33937849164009093), np.float64(0.33937849164009093), np.float64(0.6046751055121422), np.float64(0.6046751055121422), np.float64(0.12037531523039434), np.float64(0.12037531523039434), np.float64(0.2677765232327511), np.float64(0.2677765232327511), np.float64(0.33212288454174993), np.float64(0.33212288454174993), np.float64(0.08718265196319408), np.float64(0.08718265196319408), np.float64(0.20166559077804777), np.float64(0.20166559077804777), np.float64(0.22598047897220566), np.float64(0.22598047897220566), np.float64(0.2340586848186649), np.float64(0.2340586848186649), np.float64(0.5166351395845595), np.float64(0.5166351395845595), np.float64(0.6859252403676601), np.float64(0.6859252403676601), np.float64(0.15439039498582133), np.float64(0.15439039498582133), np.float64(0.23532660476863385), np.float64(0.23532660476863385), np.float64(0.17182080209262496), np.float64(0.17182080209262496), np.float64(0.3375164090098042), np.float64(0.3375164090098042), np.float64(0.4007902158797515), np.float64(0.4007902158797515), np.float64(0.13287049211572594), np.float64(0.13287049211572594), np.float64(0.13881686836482912), np.float64(0.13881686836482912), np.float64(0.1293989810722269), np.float64(0.1293989810722269), np.float64(0.42267476342618693), np.float64(0.42267476342618693), np.float64(0.32572798535227776), np.float64(0.32572798535227776), np.float64(0.11775330428035886), np.float64(0.11775330428035886), np.float64(0.30686947144567966), np.float64(0.30686947144567966), np.float64(0.1457521866262141), np.float64(0.1457521866262141), np.float64(0.12699400631710886), np.float64(0.12699400631710886), np.float64(0.399740903973634), np.float64(0.399740903973634), np.float64(0.17045608259737946), np.float64(0.17045608259737946), np.float64(0.048492501089567666), np.float64(0.048492501089567666), np.float64(0.13312063649300399), np.float64(0.13312063649300399), np.float64(0.6054390631616116), np.float64(0.6054390631616116), np.float64(0.2390095117688543), np.float64(0.2390095117688543), np.float64(0.2154928365350861), np.float64(0.2154928365350861), np.float64(0.26745107293132603), np.float64(0.26745107293132603), np.float64(0.03098945216743232), np.float64(0.03098945216743232), np.float64(0.1282896204293138), np.float64(0.1282896204293138), np.float64(0.1626264563947916), np.float64(0.1626264563947916), np.float64(0.06284249104559421), np.float64(0.06284249104559421), np.float64(0.4422976890207792), np.float64(0.4422976890207792), np.float64(0.07084260143343273), np.float64(0.07084260143343273), np.float64(0.10561242843061336), np.float64(0.10561242843061336), np.float64(0.05012144476653702), np.float64(0.05012144476653702), np.float64(0.08022513587036884), np.float64(0.08022513587036884), np.float64(0.06749550815689873), np.float64(0.06749550815689873), np.float64(0.13366947416219774), np.float64(0.13366947416219774), np.float64(0.06455904852598905), np.float64(0.06455904852598905), np.float64(0.08270357083543786), np.float64(0.08270357083543786), np.float64(0.08332106534391642), np.float64(0.08332106534391642), np.float64(0.04958440368067386), np.float64(0.04958440368067386), np.float64(0.05171119807288051), np.float64(0.05171119807288051), np.float64(0.10131485532969237), np.float64(0.10131485532969237), np.float64(0.23307409107699642), np.float64(0.23307409107699642), np.float64(0.05955068888142705), np.float64(0.05955068888142705), np.float64(0.4278499789536363), np.float64(0.4278499789536363), np.float64(0.3396225395798956), np.float64(0.3396225395798956), np.float64(0.1470482812824048), np.float64(0.1470482812824048), np.float64(0.23539426505568373), np.float64(0.23539426505568373), np.float64(0.04062161313391698), np.float64(0.04062161313391698), np.float64(0.05510428888726892), np.float64(0.05510428888726892), np.float64(0.2736588294059038), np.float64(0.2736588294059038), np.float64(0.3819511036574841), np.float64(0.3819511036574841), np.float64(0.09287415217619127), np.float64(0.09287415217619127), np.float64(0.12173521667720706), np.float64(0.12173521667720706), np.float64(0.10790357653055253), np.float64(0.10790357653055253)]}
  final_mean: 0.6290974617004395
  final_var: 1.1509008407592773
  final_trajectories: tensor([[[ 0.0000e+00],
         [ 0.0000e+00],
         [ 0.0000e+00],
         ...,
         [ 0.0000e+00],
         [ 0.0000e+00],
         [ 0.0000e+00]],

        [[ 1.9714e-03],
         [ 2.2367e-02],
         [ 2.4311e-01],
         ...,
         [ 3.2815e-02],
         [-2.5610e-01],
         [ 1.4100e-01]],

        [[-6.9284e-02],
         [ 3.6738e-01],
         [ 2.6159e-01],
         ...,
         [-1.2677e-01],
         [-1.3527e-01],
         [ 3.0817e-01]],

        ...,

        [[ 5.9237e-01],
         [ 2.0691e-01],
         [-4.8419e-01],
         ...,
         [-7.8489e-01],
         [ 1.9975e+00],
         [ 1.0560e-01]],

        [[ 8.1101e-01],
         [ 2.5174e-01],
         [-5.3782e-01],
         ...,
         [-7.8794e-01],
         [ 1.9311e+00],
         [-8.7217e-02]],

        [[ 9.4948e-01],
         [ 1.5903e-01],
         [-4.8380e-01],
         ...,
         [-8.3223e-01],
         [ 1.8823e+00],
         [-2.4981e-01]]])

Completed: 2026-02-10T12:43:55.032562
