Experiment: 2026-02-11_13-34-04_exp_Student-t
Started: 2026-02-11T13:34:04.961351
======================================================================

======================================================================
MFC Configuration (Iterative Backward Regression)
======================================================================
  Physics:    T=1.0, N=50, σ=1.0, dim=1
  Target:     N(0.0, 1.0)
  Target Score: mode=analytical
  Initial:    dirac at 0.0
----------------------------------------------------------------------
  Model:      hidden=64, layers=3, time_emb=16
  Training:   200 iterations × 100 epochs, batch=4096, lr=0.001
  Polyak τ:   0.5
  λ (terminal_weight): 2.0
======================================================================

[13:34:04] Initialized solver on device: cpu
[13:34:04] Number of networks: 50
[13:34:04] Polyak averaging τ: 0.5
[13:34:04] Total parameters (trainable): 428,850
[13:34:04] ======================================================================
[13:34:04] Starting Iterative Backward Regression (Polyak Averaging)
[13:34:04] ======================================================================
[13:34:04] Iterations: 200
[13:34:04] Backward epochs per step: 100
[13:34:04] Batch size: 4096
[13:34:04] Polyak τ: 0.5
[13:34:04] Polyak τ: 0.5
[13:34:04] λ (terminal_weight): 2.0
[13:34:04] Target: N(0.0, 1.0)
[13:34:04] ======================================================================
[13:34:14] Iter [  1/200] | Loss: 0.131519 | μ=-0.028 (Δ=0.028), σ=1.024 (Δ=0.024) | Y_μ=-0.094, Y_σ=0.264
[13:34:52] Iter [  5/200] | Loss: 0.118244 | μ=-0.068 (Δ=0.068), σ=1.373 (Δ=0.373) | Y_μ=-0.074, Y_σ=0.238
[13:35:43] Iter [ 10/200] | Loss: 0.092033 | μ=0.126 (Δ=0.126), σ=1.255 (Δ=0.255) | Y_μ=0.379, Y_σ=0.357
[13:36:46] Iter [ 15/200] | Loss: 0.108798 | μ=0.025 (Δ=0.025), σ=1.195 (Δ=0.195) | Y_μ=-0.019, Y_σ=0.287
[13:37:48] Iter [ 20/200] | Loss: 0.097944 | μ=-0.167 (Δ=0.167), σ=0.991 (Δ=0.009) | Y_μ=-0.089, Y_σ=0.299
[13:38:35] Iter [ 25/200] | Loss: 0.096274 | μ=-0.204 (Δ=0.204), σ=1.137 (Δ=0.137) | Y_μ=-0.027, Y_σ=0.284
[13:39:22] Iter [ 30/200] | Loss: 0.088483 | μ=0.035 (Δ=0.035), σ=1.153 (Δ=0.153) | Y_μ=-0.193, Y_σ=0.489
[13:40:11] Iter [ 35/200] | Loss: 0.088522 | μ=-0.050 (Δ=0.050), σ=1.046 (Δ=0.046) | Y_μ=0.156, Y_σ=0.511
[13:41:02] Iter [ 40/200] | Loss: 0.168289 | μ=-0.122 (Δ=0.122), σ=1.154 (Δ=0.154) | Y_μ=-0.350, Y_σ=0.090
[13:41:56] Iter [ 45/200] | Loss: 0.145603 | μ=-0.121 (Δ=0.121), σ=1.181 (Δ=0.181) | Y_μ=-0.006, Y_σ=0.155
[13:42:46] Iter [ 50/200] | Loss: 0.112906 | μ=0.394 (Δ=0.394), σ=1.094 (Δ=0.094) | Y_μ=0.370, Y_σ=0.298
[13:43:39] Iter [ 55/200] | Loss: 0.091244 | μ=0.097 (Δ=0.097), σ=1.199 (Δ=0.199) | Y_μ=-0.017, Y_σ=0.517
[13:44:34] Iter [ 60/200] | Loss: 0.225851 | μ=-0.064 (Δ=0.064), σ=1.049 (Δ=0.049) | Y_μ=-0.530, Y_σ=0.187
[13:45:24] Iter [ 65/200] | Loss: 0.126615 | μ=-0.144 (Δ=0.144), σ=1.250 (Δ=0.250) | Y_μ=-0.008, Y_σ=0.246
[13:46:20] Iter [ 70/200] | Loss: 0.089952 | μ=0.162 (Δ=0.162), σ=1.175 (Δ=0.175) | Y_μ=0.187, Y_σ=0.248
[13:47:12] Iter [ 75/200] | Loss: 0.169320 | μ=-0.072 (Δ=0.072), σ=1.130 (Δ=0.130) | Y_μ=-0.473, Y_σ=0.262
[13:48:05] Iter [ 80/200] | Loss: 0.088070 | μ=-0.231 (Δ=0.231), σ=1.189 (Δ=0.189) | Y_μ=-0.232, Y_σ=0.313
[13:48:58] Iter [ 85/200] | Loss: 0.092082 | μ=-0.044 (Δ=0.044), σ=1.039 (Δ=0.039) | Y_μ=0.117, Y_σ=0.435
[13:49:51] Iter [ 90/200] | Loss: 0.091965 | μ=-0.147 (Δ=0.147), σ=1.311 (Δ=0.311) | Y_μ=0.257, Y_σ=0.395
[13:50:38] Iter [ 95/200] | Loss: 0.166944 | μ=0.119 (Δ=0.119), σ=1.208 (Δ=0.208) | Y_μ=0.132, Y_σ=0.135
[13:51:25] Iter [100/200] | Loss: 0.091504 | μ=-0.080 (Δ=0.080), σ=1.106 (Δ=0.106) | Y_μ=-0.046, Y_σ=0.313
[13:52:17] Iter [105/200] | Loss: 0.095483 | μ=-0.093 (Δ=0.093), σ=1.154 (Δ=0.154) | Y_μ=-0.046, Y_σ=0.168
[13:53:04] Iter [110/200] | Loss: 0.089205 | μ=0.192 (Δ=0.192), σ=1.151 (Δ=0.151) | Y_μ=0.118, Y_σ=0.435
[13:53:52] Iter [115/200] | Loss: 0.151253 | μ=0.211 (Δ=0.211), σ=1.321 (Δ=0.321) | Y_μ=0.420, Y_σ=0.119
