Experiment: 2026-02-10_21-54-57_mfc_backward_regression
Started: 2026-02-10T21:54:57.703754
======================================================================

======================================================================
MFC Configuration (Iterative Backward Regression)
======================================================================
  Physics:    T=2.0, N=50, σ=1.0, dim=1
  Target:     N(1.0, 1.0)
  Target Score: mode=analytical
  Initial:    dirac at 0.0
----------------------------------------------------------------------
  Model:      hidden=64, layers=3, time_emb=16
  Training:   100 iterations × 100 epochs, batch=4096, lr=0.001
  Polyak τ:   0.1
  λ (terminal_weight): 10.0
======================================================================

[21:54:57] Initialized solver on device: cpu
[21:54:57] Number of networks: 50
[21:54:57] Polyak averaging τ: 0.1
[21:54:57] Total parameters (trainable): 428,850
[21:54:57] ======================================================================
[21:54:57] Starting Iterative Backward Regression (Polyak Averaging)
[21:54:57] ======================================================================
[21:54:57] Iterations: 100
[21:54:57] Backward epochs per step: 100
[21:54:57] Batch size: 4096
[21:54:57] Polyak τ: 0.1
[21:54:57] Polyak τ: 0.1
[21:54:57] λ (terminal_weight): 10.0
[21:54:57] Target: N(1.0, 1.0)
[21:54:57] ======================================================================
[21:55:07] Iter [  1/100] | Loss: 0.106845 | μ=0.031 (Δ=0.969), σ=1.333 (Δ=0.333) | Y_μ=-3.998, Y_σ=1.274
[21:55:42] Iter [  5/100] | Loss: 0.111292 | μ=1.090 (Δ=0.090), σ=0.963 (Δ=0.037) | Y_μ=0.929, Y_σ=0.433
[21:56:25] Iter [ 10/100] | Loss: 0.108807 | μ=0.836 (Δ=0.164), σ=1.041 (Δ=0.041) | Y_μ=-2.061, Y_σ=0.723
[21:57:09] Iter [ 15/100] | Loss: 0.111149 | μ=1.041 (Δ=0.041), σ=0.897 (Δ=0.103) | Y_μ=-0.779, Y_σ=0.582
[21:57:52] Iter [ 20/100] | Loss: 0.102583 | μ=0.845 (Δ=0.155), σ=0.970 (Δ=0.030) | Y_μ=0.612, Y_σ=0.382
[21:58:35] Iter [ 25/100] | Loss: 0.104956 | μ=1.368 (Δ=0.368), σ=0.999 (Δ=0.001) | Y_μ=3.815, Y_σ=0.509
[21:59:19] Iter [ 30/100] | Loss: 0.109459 | μ=0.921 (Δ=0.079), σ=0.964 (Δ=0.036) | Y_μ=-1.688, Y_σ=0.678
[22:00:02] Iter [ 35/100] | Loss: 0.102042 | μ=0.965 (Δ=0.035), σ=1.069 (Δ=0.069) | Y_μ=-1.354, Y_σ=1.017
[22:00:44] Iter [ 40/100] | Loss: 0.120523 | μ=0.858 (Δ=0.142), σ=1.004 (Δ=0.004) | Y_μ=0.313, Y_σ=0.469
[22:01:27] Iter [ 45/100] | Loss: 0.110062 | μ=1.197 (Δ=0.197), σ=0.966 (Δ=0.034) | Y_μ=1.939, Y_σ=1.076
[22:02:10] Iter [ 50/100] | Loss: 0.122855 | μ=-0.299 (Δ=1.299), σ=1.127 (Δ=0.127) | Y_μ=-4.719, Y_σ=0.557
[22:02:53] Iter [ 55/100] | Loss: 0.175555 | μ=1.538 (Δ=0.538), σ=0.759 (Δ=0.241) | Y_μ=2.370, Y_σ=0.475
[22:03:36] Iter [ 60/100] | Loss: 0.153750 | μ=1.979 (Δ=0.979), σ=1.033 (Δ=0.033) | Y_μ=2.367, Y_σ=1.159
[22:04:20] Iter [ 65/100] | Loss: 0.094997 | μ=-2.307 (Δ=3.307), σ=1.796 (Δ=0.796) | Y_μ=-4.391, Y_σ=1.582
[22:05:02] Iter [ 70/100] | Loss: 0.213239 | μ=-0.309 (Δ=1.309), σ=0.391 (Δ=0.609) | Y_μ=-2.079, Y_σ=0.469
[22:05:44] Iter [ 75/100] | Loss: 0.176726 | μ=1.695 (Δ=0.695), σ=0.429 (Δ=0.571) | Y_μ=0.176, Y_σ=0.611
[22:06:26] Iter [ 80/100] | Loss: 0.089363 | μ=1.389 (Δ=0.389), σ=2.268 (Δ=1.268) | Y_μ=1.687, Y_σ=2.938
[22:07:09] Iter [ 85/100] | Loss: 0.182989 | μ=-1.540 (Δ=2.540), σ=0.766 (Δ=0.234) | Y_μ=-4.980, Y_σ=0.233
[22:07:51] Iter [ 90/100] | Loss: 0.190012 | μ=0.671 (Δ=0.329), σ=0.435 (Δ=0.565) | Y_μ=-1.207, Y_σ=0.540
[22:08:34] Iter [ 95/100] | Loss: 0.147297 | μ=1.898 (Δ=0.898), σ=0.525 (Δ=0.475) | Y_μ=0.786, Y_σ=0.715
[22:09:16] Iter [100/100] | Loss: 0.095670 | μ=1.134 (Δ=0.134), σ=2.092 (Δ=1.092) | Y_μ=0.097, Y_σ=2.447
[22:09:16] ======================================================================
[22:09:16] Training Complete! Evaluating with target networks...
[22:09:16] Final Mean: 0.3811 (target: 1.0)
[22:09:16] Final Std:  2.2930 (target: 1.0)
[22:09:16] ======================================================================
[22:09:17] Saved plot: trajectories.png
[22:09:17] Saved plot: terminal_distribution.png
[22:09:17] Saved plot: statistics_evolution.png
[22:09:17] Saved all visualization plots

======================================================================
FINAL RESULTS
======================================================================
  history: {'iteration_losses': [np.float64(0.10684487156569958), np.float64(0.09760621927678585), np.float64(0.09995461754500866), np.float64(0.11426009811460971), np.float64(0.11129156112670899), np.float64(0.09908618070185185), np.float64(0.10242865540087223), np.float64(0.10264678567647934), np.float64(0.11448561638593674), np.float64(0.10880653999745846), np.float64(0.167004102319479), np.float64(0.10762431234121322), np.float64(0.10688895829021931), np.float64(0.11294376879930496), np.float64(0.11114917755126953), np.float64(0.17682135567069054), np.float64(0.10433188214898109), np.float64(0.09655357398092747), np.float64(0.11406007930636405), np.float64(0.10258317902684212), np.float64(0.10562212042510509), np.float64(0.10364595554769039), np.float64(0.10774081565439701), np.float64(0.15853973403573035), np.float64(0.10495619148015976), np.float64(0.0969254794716835), np.float64(0.09602483738213778), np.float64(0.0943162289634347), np.float64(0.12231431044638157), np.float64(0.10945908479392528), np.float64(0.11136618420481682), np.float64(0.2345120032131672), np.float64(0.10533224977552891), np.float64(0.10566329769790173), np.float64(0.10204185873270034), np.float64(0.10111203260719775), np.float64(0.15926557019352913), np.float64(29.426186774224043), np.float64(2.453009628504515), np.float64(0.12052315108478069), np.float64(142337208510.27844), np.float64(0.10237846963107586), np.float64(0.12794986009597778), np.float64(0.10167617186903953), np.float64(0.1100619998574257), np.float64(0.10903888568282127), np.float64(0.09407733775675296), np.float64(0.09256631188094616), np.float64(0.09999778747558594), np.float64(0.12285547949373722), np.float64(0.11917759090662003), np.float64(0.15375390991568566), np.float64(0.1311648853123188), np.float64(0.14152224138379096), np.float64(0.17555520474910735), np.float64(0.1412998442351818), np.float64(0.1283398039638996), np.float64(0.12190647810697555), np.float64(0.11916850052773953), np.float64(0.1537497843801975), np.float64(0.09582173068076372), np.float64(0.09224124383181334), np.float64(0.08711965493857861), np.float64(0.0846025013551116), np.float64(0.09499652211554349), np.float64(0.12842718448489904), np.float64(0.20236192956566812), np.float64(0.18649398952722548), np.float64(0.2240252947807312), np.float64(0.21323901981115342), np.float64(0.21788754656910897), np.float64(0.20844563320279122), np.float64(0.19402872264385224), np.float64(0.1894596138596535), np.float64(0.17672550484538077), np.float64(0.16151811011135578), np.float64(0.14723162330687045), np.float64(0.13941863283514977), np.float64(0.1341978919506073), np.float64(0.08936294846236706), np.float64(0.08423752818256616), np.float64(0.09314032232388854), np.float64(0.1060210296139121), np.float64(0.1317697300761938), np.float64(0.18298898951441514), np.float64(0.203950404971838), np.float64(0.17047539964318276), np.float64(0.18260877937078476), np.float64(0.1817488168179989), np.float64(0.19001175388693808), np.float64(0.1848247069120407), np.float64(0.1678559847176075), np.float64(0.16515352547168732), np.float64(0.15219552248716353), np.float64(0.14729710169136523), np.float64(0.12638184256851673), np.float64(0.12291221112012864), np.float64(0.11973762802779675), np.float64(0.10230835482478141), np.float64(0.09566984184086323)], 'terminal_means': [np.float32(0.031295724), np.float32(0.64439), np.float32(0.99109995), np.float32(0.9095695), np.float32(1.0900602), np.float32(1.0622773), np.float32(1.0337913), np.float32(0.94963294), np.float32(0.8717003), np.float32(0.83632684), np.float32(0.9790865), np.float32(0.8463372), np.float32(0.7268155), np.float32(0.7907001), np.float32(1.0408406), np.float32(1.1185367), np.float32(0.7653023), np.float32(0.8366299), np.float32(0.7224307), np.float32(0.84536815), np.float32(0.7174922), np.float32(0.96353877), np.float32(0.9351458), np.float32(1.249804), np.float32(1.3679762), np.float32(1.2466289), np.float32(0.8346842), np.float32(0.5792068), np.float32(0.5762893), np.float32(0.92148614), np.float32(1.06499), np.float32(0.9703555), np.float32(0.80658656), np.float32(1.0105662), np.float32(0.9652079), np.float32(1.1060302), np.float32(0.8229288), np.float32(1.2461097), np.float32(1.1736945), np.float32(0.85838556), np.float32(0.6631328), np.float32(0.9427481), np.float32(0.7702905), np.float32(0.8917849), np.float32(1.1965146), np.float32(1.389362), np.float32(0.993927), np.float32(0.47983107), np.float32(-0.074386254), np.float32(-0.29853606), np.float32(-0.17359805), np.float32(0.35899115), np.float32(0.6652875), np.float32(1.1758481), np.float32(1.5379622), np.float32(1.6400169), np.float32(1.7627978), np.float32(1.9297178), np.float32(1.9848026), np.float32(1.978998), np.float32(1.4994652), np.float32(0.21805224), np.float32(-1.0157676), np.float32(-1.853389), np.float32(-2.307423), np.float32(-2.1542914), np.float32(-1.7432367), np.float32(-1.2238731), np.float32(-0.7922981), np.float32(-0.30913094), np.float32(0.19412673), np.float32(0.5649445), np.float32(0.93896586), np.float32(1.3793478), np.float32(1.6948563), np.float32(1.9943731), np.float32(2.2167675), np.float32(2.374654), np.float32(2.0686612), np.float32(1.3894491), np.float32(-0.102973826), np.float32(-1.4270401), np.float32(-2.0310655), np.float32(-1.9851284), np.float32(-1.5401267), np.float32(-0.9261329), np.float32(-0.45055574), np.float32(-0.033320703), np.float32(0.36808234), np.float32(0.6711505), np.float32(0.95632), np.float32(1.1690071), np.float32(1.5325041), np.float32(1.7095606), np.float32(1.8982563), np.float32(1.943075), np.float32(2.077679), np.float32(2.105568), np.float32(2.0173182), np.float32(1.1336584)], 'terminal_vars': [np.float32(1.7779908), np.float32(1.3253667), np.float32(0.94366014), np.float32(0.7900604), np.float32(0.9274806), np.float32(1.2812405), np.float32(1.3405718), np.float32(1.3026153), np.float32(1.0144871), np.float32(1.0838145), np.float32(1.0304415), np.float32(1.0992494), np.float32(1.0473646), np.float32(0.87175596), np.float32(0.80550134), np.float32(0.9890538), np.float32(1.0866188), np.float32(1.1583408), np.float32(1.1119407), np.float32(0.9417231), np.float32(0.97191125), np.float32(1.0293422), np.float32(1.0137751), np.float32(0.94872034), np.float32(0.99850494), np.float32(1.3043528), np.float32(1.5166469), np.float32(1.4309655), np.float32(1.1266108), np.float32(0.92893374), np.float32(0.77335715), np.float32(0.90768886), np.float32(0.9602258), np.float32(1.1923647), np.float32(1.1435509), np.float32(1.0722303), np.float32(0.97495735), np.float32(0.9120224), np.float32(0.9345645), np.float32(1.0082283), np.float32(1.1027813), np.float32(1.0338778), np.float32(0.93079674), np.float32(0.902869), np.float32(0.9328428), np.float32(1.237725), np.float32(1.6428537), np.float32(1.9810755), np.float32(1.745929), np.float32(1.2708397), np.float32(0.8183442), np.float32(0.7460276), np.float32(0.6039828), np.float32(0.59390545), np.float32(0.57668895), np.float32(0.49397558), np.float32(0.40869033), np.float32(0.40509725), np.float32(0.5320134), np.float32(1.0677946), np.float32(3.5241694), np.float32(7.329996), np.float32(8.25137), np.float32(6.454689), np.float32(3.2244282), np.float32(1.1128798), np.float32(0.44717395), np.float32(0.25744343), np.float32(0.16653585), np.float32(0.1530997), np.float32(0.18838993), np.float32(0.16783433), np.float32(0.16817035), np.float32(0.18877804), np.float32(0.18406142), np.float32(0.18463075), np.float32(0.2470942), np.float32(0.62829113), np.float32(2.3815804), np.float32(5.142786), np.float32(7.1215596), np.float32(5.2742224), np.float32(2.656044), np.float32(1.1578226), np.float32(0.58715755), np.float32(0.30336267), np.float32(0.18195994), np.float32(0.16860196), np.float32(0.18558188), np.float32(0.18927175), np.float32(0.18709502), np.float32(0.16420911), np.float32(0.22206703), np.float32(0.22347768), np.float32(0.27551413), np.float32(0.34479362), np.float32(0.80218524), np.float32(1.1452694), np.float32(2.3143659), np.float32(4.3760653)], 'y_means': [np.float64(-3.997643847465515), np.float64(-2.989075222015381), np.float64(0.6846062076091767), np.float64(-1.6306198954582214), np.float64(0.9285353171825409), np.float64(-0.054706812277436255), np.float64(0.3655353480577469), np.float64(0.06036820650100708), np.float64(-0.3538505083322525), np.float64(-2.0606468677520753), np.float64(0.12858575880527495), np.float64(0.6671257221698761), np.float64(-2.134605164527893), np.float64(-3.3605113315582273), np.float64(-0.7786024630069732), np.float64(2.764391984939575), np.float64(-2.0917784357070923), np.float64(-0.971590142250061), np.float64(-3.205255765914917), np.float64(0.6123884379863739), np.float64(-1.7641444730758666), np.float64(-0.30515466511249545), np.float64(-1.5298444724082947), np.float64(1.4844605088233949), np.float64(3.8151904058456423), np.float64(2.5601229953765867), np.float64(-2.0089530467987062), np.float64(-3.7594075489044187), np.float64(-4.344936647415161), np.float64(-1.687706687450409), np.float64(0.903489260673523), np.float64(-0.2530236396193504), np.float64(-2.061320090293884), np.float64(0.2509323847293854), np.float64(-1.35389009475708), np.float64(2.1493175840377807), np.float64(-2.7305778551101683), np.float64(3.9316258382797242), np.float64(4.690868148803711), np.float64(0.3134975999593735), np.float64(-4.93344069480896), np.float64(0.025580873056314887), np.float64(-1.7249453115463256), np.float64(-1.2870751404762268), np.float64(1.9386097812652587), np.float64(3.4783872413635253), np.float64(1.5521855783462524), np.float64(-1.4186029100418092), np.float64(-3.616466550827026), np.float64(-4.718577566146851), np.float64(-4.447080335617065), np.float64(-2.5694333267211915), np.float64(-3.627263765335083), np.float64(-1.438876700401306), np.float64(2.3696651077270507), np.float64(1.341552712917328), np.float64(2.479257116317749), np.float64(2.6684424018859865), np.float64(1.7681871199607848), np.float64(2.3667084789276123), np.float64(2.0663036727905273), np.float64(-0.9396329891681671), np.float64(-2.410137152671814), np.float64(-3.330706877708435), np.float64(-4.390806350708008), np.float64(-4.613513298034668), np.float64(-4.538163719177246), np.float64(-3.4254086875915526), np.float64(-3.342797918319702), np.float64(-2.07928786277771), np.float64(-1.8800937604904175), np.float64(-1.3700615525245667), np.float64(-0.5682484900951386), np.float64(-0.7050164794921875), np.float64(0.17639747858047486), np.float64(1.8522018051147462), np.float64(2.4444702434539796), np.float64(2.4102885055541994), np.float64(1.9123989963531494), np.float64(1.6870512771606445), np.float64(-1.2093842029571533), np.float64(-3.550875434875488), np.float64(-4.531121311187744), np.float64(-4.915034503936767), np.float64(-4.979837226867676), np.float64(-2.992499704360962), np.float64(-1.8580340552330017), np.float64(-1.6812936973571777), np.float64(-1.205604248046875), np.float64(-1.207027690410614), np.float64(-0.7722751045227051), np.float64(-0.3547810310125351), np.float64(0.439205179810524), np.float64(0.30825761377811434), np.float64(0.7859415531158447), np.float64(0.9783289194107055), np.float64(-0.219723117351532), np.float64(0.8155581593513489), np.float64(2.3740461921691893), np.float64(0.09666187092661857)], 'y_stds': [np.float64(1.273789125084877), np.float64(1.273789125084877), np.float64(1.457987539768219), np.float64(1.457987539768219), np.float64(0.7955542778971721), np.float64(0.7955542778971721), np.float64(0.5855338440847118), np.float64(0.5855338440847118), np.float64(0.4333975264430046), np.float64(0.4333975264430046), np.float64(1.80833807364108), np.float64(1.80833807364108), np.float64(2.077238540649414), np.float64(2.077238540649414), np.float64(1.753229436501888), np.float64(1.753229436501888), np.float64(0.35553390413522723), np.float64(0.35553390413522723), np.float64(0.7228856268536765), np.float64(0.7228856268536765), np.float64(0.06307737305769479), np.float64(0.06307737305769479), np.float64(0.44648155733942985), np.float64(0.44648155733942985), np.float64(1.6973116272687911), np.float64(1.6973116272687911), np.float64(0.41385314911603927), np.float64(0.41385314911603927), np.float64(0.5821423637868429), np.float64(0.5821423637868429), np.float64(0.3010252594947815), np.float64(0.3010252594947815), np.float64(0.5738086219131947), np.float64(0.5738086219131947), np.float64(1.2063909757138753), np.float64(1.2063909757138753), np.float64(0.4509509775042534), np.float64(0.4509509775042534), np.float64(0.38223176896572114), np.float64(0.38223176896572114), np.float64(0.5893906593328575), np.float64(0.5893906593328575), np.float64(1.3242035830020904), np.float64(1.3242035830020904), np.float64(0.951696540415869), np.float64(0.951696540415869), np.float64(0.2795835990092019), np.float64(0.2795835990092019), np.float64(0.5086094705772121), np.float64(0.5086094705772121), np.float64(1.7067413687711814), np.float64(1.7067413687711814), np.float64(1.5820918834209443), np.float64(1.5820918834209443), np.float64(0.6574043297796743), np.float64(0.6574043297796743), np.float64(0.26526373893255367), np.float64(0.26526373893255367), np.float64(0.6777392417209921), np.float64(0.6777392417209921), np.float64(1.1713454106452992), np.float64(1.1713454106452992), np.float64(0.232437902297861), np.float64(0.232437902297861), np.float64(0.8364062532794196), np.float64(0.8364062532794196), np.float64(1.5088045272232558), np.float64(1.5088045272232558), np.float64(1.0167710709571838), np.float64(1.0167710709571838), np.float64(1.2309188967943192), np.float64(1.2309188967943192), np.float64(0.5321474719047546), np.float64(0.5321474719047546), np.float64(0.7798994889028836), np.float64(0.7798994889028836), np.float64(0.11958707614336163), np.float64(0.11958707614336163), np.float64(0.46895179830506095), np.float64(0.46895179830506095), np.float64(0.00917071717325598), np.float64(0.00917071717325598), np.float64(1.1828433582745561), np.float64(1.1828433582745561), np.float64(0.589876268953376), np.float64(0.589876268953376), np.float64(0.5529585582026629), np.float64(0.5529585582026629), np.float64(1.0763151848316193), np.float64(1.0763151848316193), np.float64(1.27940580368042), np.float64(1.27940580368042), np.float64(2.2745467352872946), np.float64(2.2745467352872946), np.float64(2.488285276890383), np.float64(2.488285276890383), np.float64(1.605960225466406), np.float64(1.605960225466406), np.float64(0.5569293241226114), np.float64(0.5569293241226114), np.float64(0.444423715028679), np.float64(0.444423715028679), np.float64(0.8469158005714417), np.float64(0.8469158005714417), np.float64(0.8331700874894159), np.float64(0.8331700874894159), np.float64(1.2068374666571617), np.float64(1.2068374666571617), np.float64(0.4750524791330099), np.float64(0.4750524791330099), np.float64(0.9296729977428914), np.float64(0.9296729977428914), np.float64(1.0728442895424086), np.float64(1.0728442895424086), np.float64(1.111165319980355), np.float64(1.111165319980355), np.float64(1.2099412834644319), np.float64(1.2099412834644319), np.float64(1.1590815003978787), np.float64(1.1590815003978787), np.float64(2.327672021985054), np.float64(2.327672021985054), np.float64(2.6426842796803975), np.float64(2.6426842796803975), np.float64(2.62885901927948), np.float64(2.62885901927948), np.float64(2.654735817910405), np.float64(2.654735817910405), np.float64(1.5822004342079163), np.float64(1.5822004342079163), np.float64(0.7929508063208778), np.float64(0.7929508063208778), np.float64(0.3884637383022346), np.float64(0.3884637383022346), np.float64(0.49307194151217115), np.float64(0.49307194151217115), np.float64(0.3773293202777859), np.float64(0.3773293202777859), np.float64(0.4694841133063892), np.float64(0.4694841133063892), np.float64(0.46957420803781136), np.float64(0.46957420803781136), np.float64(0.49872172683506505), np.float64(0.49872172683506505), np.float64(0.570489549189806), np.float64(0.570489549189806), np.float64(0.5635848025232554), np.float64(0.5635848025232554), np.float64(0.6110905551166433), np.float64(0.6110905551166433), np.float64(0.6693757829075913), np.float64(0.6693757829075913), np.float64(0.7172410315281013), np.float64(0.7172410315281013), np.float64(0.7526857030397514), np.float64(0.7526857030397514), np.float64(1.5218804174673277), np.float64(1.5218804174673277), np.float64(2.938016904592514), np.float64(2.938016904592514), np.float64(3.3221868073940275), np.float64(3.3221868073940275), np.float64(2.261671490073204), np.float64(2.261671490073204), np.float64(1.191323845089646), np.float64(1.191323845089646), np.float64(0.42812787771341393), np.float64(0.42812787771341393), np.float64(0.23334834022563883), np.float64(0.23334834022563883), np.float64(0.31853347666619813), np.float64(0.31853347666619813), np.float64(0.7653929002597579), np.float64(0.7653929002597579), np.float64(0.6358918853104114), np.float64(0.6358918853104114), np.float64(0.6504880145943025), np.float64(0.6504880145943025), np.float64(0.5398832803222468), np.float64(0.5398832803222468), np.float64(0.5409282620251179), np.float64(0.5409282620251179), np.float64(0.7373430551589263), np.float64(0.7373430551589263), np.float64(0.6931897804141045), np.float64(0.6931897804141045), np.float64(0.706896228790356), np.float64(0.706896228790356), np.float64(0.7152966716888477), np.float64(0.7152966716888477), np.float64(1.1462626612193707), np.float64(1.1462626612193707), np.float64(1.0272398984434403), np.float64(1.0272398984434403), np.float64(1.088083289861679), np.float64(1.088083289861679), np.float64(0.8191837635653791), np.float64(0.8191837635653791), np.float64(2.4474631404876708), np.float64(2.4474631404876708)]}
  final_mean: 0.3811304569244385
  final_var: 5.25779390335083
  final_trajectories: tensor([[[ 0.0000],
         [ 0.0000],
         [ 0.0000],
         ...,
         [ 0.0000],
         [ 0.0000],
         [ 0.0000]],

        [[ 0.2158],
         [-0.1183],
         [ 0.0371],
         ...,
         [-0.1850],
         [-0.1021],
         [-0.0679]],

        [[-0.0774],
         [-0.3500],
         [ 0.0674],
         ...,
         [-0.0319],
         [ 0.2048],
         [-0.3766]],

        ...,

        [[-0.4343],
         [ 0.8953],
         [ 1.2937],
         ...,
         [ 3.8107],
         [ 3.4517],
         [-0.0784]],

        [[-0.3306],
         [ 0.5264],
         [ 1.3662],
         ...,
         [ 3.7513],
         [ 3.3049],
         [-0.2547]],

        [[-0.2982],
         [ 0.3536],
         [ 1.3042],
         ...,
         [ 3.7007],
         [ 3.3632],
         [-0.5508]]])

Completed: 2026-02-10T22:09:24.153271
