Experiment: 2026-02-13_16-41-54_mfc_backward_regression
Started: 2026-02-13T16:41:54.912710
======================================================================

======================================================================
MFC Configuration (Iterative Backward Regression)
======================================================================
  Physics:    T=1.0, N=50, σ=1.0, dim=1
  Target:     N(1.0, 1.0)
  Target Score: mode=analytical
  Initial:    dirac at 0.0
----------------------------------------------------------------------
  Model:      hidden=64, layers=3, time_emb=16
  Training:   100 iterations × 100 epochs, batch=4096, lr=0.001
  Polyak τ:   0.5
  λ (terminal_weight): 0.0
======================================================================

[16:41:54] Initialized solver on device: cpu
[16:41:54] Number of networks: 50
[16:41:54] Polyak averaging τ: 0.5
[16:41:54] Total parameters (trainable): 428,850
[16:41:54] ======================================================================
[16:41:54] Starting Iterative Backward Regression (Polyak Averaging)
[16:41:54] ======================================================================
[16:41:54] Iterations: 100
[16:41:54] Backward epochs per step: 100
[16:41:54] Batch size: 4096
[16:41:54] Polyak τ: 0.5
[16:41:54] Polyak τ: 0.5
[16:41:54] λ (terminal_weight): 0.0
[16:41:54] Target: N(1.0, 1.0)
[16:41:54] ======================================================================
[16:42:06] Iter [  1/100] | Loss: 85071998484.920609 | μ=0.008 (Δ=0.992), σ=0.953 (Δ=0.047) | Y_μ=0.006, Y_σ=0.030
[16:42:46] Iter [  5/100] | Loss: 20059871000.771786 | μ=-0.014 (Δ=1.014), σ=1.001 (Δ=0.001) | Y_μ=-0.003, Y_σ=0.011
[16:43:36] Iter [ 10/100] | Loss: 848710862.501727 | μ=-0.003 (Δ=1.003), σ=0.999 (Δ=0.001) | Y_μ=-0.002, Y_σ=0.005
[16:44:28] Iter [ 15/100] | Loss: 370752439.563387 | μ=-0.006 (Δ=1.006), σ=1.003 (Δ=0.003) | Y_μ=0.000, Y_σ=0.001
[16:45:17] Iter [ 20/100] | Loss: 668264829.029991 | μ=-0.036 (Δ=1.036), σ=0.981 (Δ=0.019) | Y_μ=0.004, Y_σ=0.001
[16:46:06] Iter [ 25/100] | Loss: 125445437.372228 | μ=-0.002 (Δ=1.002), σ=0.984 (Δ=0.016) | Y_μ=0.004, Y_σ=0.001
[16:46:54] Iter [ 30/100] | Loss: 41740371.845060 | μ=0.008 (Δ=0.992), σ=1.019 (Δ=0.019) | Y_μ=-0.005, Y_σ=0.002
[16:47:44] Iter [ 35/100] | Loss: 261911629.035149 | μ=0.017 (Δ=0.983), σ=1.003 (Δ=0.003) | Y_μ=0.004, Y_σ=0.001
[16:48:36] Iter [ 40/100] | Loss: 26339726.721254 | μ=0.006 (Δ=0.994), σ=0.970 (Δ=0.030) | Y_μ=0.005, Y_σ=0.001
[16:49:36] Iter [ 45/100] | Loss: 2170507.555513 | μ=0.003 (Δ=0.997), σ=0.992 (Δ=0.008) | Y_μ=-0.000, Y_σ=0.002
[16:50:32] Iter [ 50/100] | Loss: 45570465.502791 | μ=0.010 (Δ=0.990), σ=1.008 (Δ=0.008) | Y_μ=-0.001, Y_σ=0.000
[16:51:36] Iter [ 55/100] | Loss: 27142563.988475 | μ=0.002 (Δ=0.998), σ=1.005 (Δ=0.005) | Y_μ=-0.004, Y_σ=0.001
[16:52:36] Iter [ 60/100] | Loss: 3881071739.093584 | μ=0.015 (Δ=0.985), σ=1.001 (Δ=0.001) | Y_μ=-0.002, Y_σ=0.001
[16:53:35] Iter [ 65/100] | Loss: 21557645.535870 | μ=0.004 (Δ=0.996), σ=1.008 (Δ=0.008) | Y_μ=-0.001, Y_σ=0.001
[16:54:33] Iter [ 70/100] | Loss: 221561390.585918 | μ=0.009 (Δ=0.991), σ=1.006 (Δ=0.006) | Y_μ=0.001, Y_σ=0.000
[16:55:30] Iter [ 75/100] | Loss: 50417748.395155 | μ=-0.024 (Δ=1.024), σ=1.001 (Δ=0.001) | Y_μ=0.000, Y_σ=0.000
[16:56:27] Iter [ 80/100] | Loss: 821642.707479 | μ=0.016 (Δ=0.984), σ=1.000 (Δ=0.000) | Y_μ=-0.000, Y_σ=0.000
[16:57:25] Iter [ 85/100] | Loss: 3009499.205819 | μ=-0.003 (Δ=1.003), σ=1.017 (Δ=0.017) | Y_μ=-0.001, Y_σ=0.000
[16:58:23] Iter [ 90/100] | Loss: 61439940.086085 | μ=0.013 (Δ=0.987), σ=0.977 (Δ=0.023) | Y_μ=-0.002, Y_σ=0.001
[16:59:21] Iter [ 95/100] | Loss: 6901303.333903 | μ=-0.025 (Δ=1.025), σ=1.026 (Δ=0.026) | Y_μ=-0.000, Y_σ=0.000
[17:00:19] Iter [100/100] | Loss: 11207.778168 | μ=-0.013 (Δ=1.013), σ=0.990 (Δ=0.010) | Y_μ=-0.000, Y_σ=0.000
[17:00:19] ======================================================================
[17:00:19] Training Complete! Evaluating with target networks...
[17:00:20] Final Mean: -0.0267 (target: 1.0)
[17:00:20] Final Std:  0.9808 (target: 1.0)
[17:00:20] ======================================================================
[17:00:20] Saved plot: trajectories.png
[17:00:20] Saved plot: terminal_distribution.png
[17:00:20] Saved plot: statistics_evolution.png
[17:00:20] Saved all visualization plots

======================================================================
FINAL RESULTS
======================================================================
  history: {'iteration_losses': [np.float64(85071998484.92061), np.float64(76494646821.68022), np.float64(69480554169.17023), np.float64(41781957757.87355), np.float64(20059871000.771786), np.float64(16894778426.625914), np.float64(1226445865.2177885), np.float64(8405563478.038732), np.float64(451320176.952509), np.float64(848710862.501727), np.float64(176046800.46498948), np.float64(2393485893.790259), np.float64(5937999388.077293), np.float64(988259616.3402518), np.float64(370752439.5633866), np.float64(6770474382.238879), np.float64(2478543.1275058794), np.float64(993365853.9459374), np.float64(855359898.8620511), np.float64(668264829.0299907), np.float64(431768890.894852), np.float64(141151629.93368), np.float64(177725095.72769588), np.float64(132829785.34383152), np.float64(125445437.37222786), np.float64(245957931.19135028), np.float64(74018193.78390999), np.float64(204980541.2222544), np.float64(410397370.13851386), np.float64(41740371.84505992), np.float64(280243940.56497717), np.float64(7428923.271580133), np.float64(9530508.015051376), np.float64(270900145.9133273), np.float64(261911629.03514934), np.float64(713397866.0813658), np.float64(61936000.971547335), np.float64(93719636.81244212), np.float64(9523136.070031501), np.float64(26339726.72125443), np.float64(339646578.21024305), np.float64(36063466.48468597), np.float64(83895454.89157921), np.float64(95730522.0823006), np.float64(2170507.5555125736), np.float64(141464808.76173002), np.float64(19956503.972560868), np.float64(159577298.65736648), np.float64(920173792.8102604), np.float64(45570465.502791144), np.float64(19892379.373884697), np.float64(7530761.4653839385), np.float64(415515290.70128477), np.float64(201687799.72151035), np.float64(27142563.98847525), np.float64(31563116.223354124), np.float64(54115347.2838338), np.float64(29111460.460368324), np.float64(3864972.0800908124), np.float64(3881071739.093584), np.float64(578161.613442947), np.float64(876504.8994352577), np.float64(1067536.9736879405), np.float64(5506574.859981673), np.float64(21557645.535870142), np.float64(7074514.352587347), np.float64(33233874.24437449), np.float64(44089645.443323135), np.float64(19556334.592447884), np.float64(221561390.58591846), np.float64(306477056.90072525), np.float64(8047272.174549508), np.float64(117867935.28759176), np.float64(3654699.3112824815), np.float64(50417748.39515496), np.float64(461197.65728634933), np.float64(385529110.9677094), np.float64(21296635.827053513), np.float64(55178805.921231404), np.float64(821642.7074792165), np.float64(7038510.125828062), np.float64(34833030.74962869), np.float64(417067.4697284734), np.float64(15601180.747721918), np.float64(3009499.2058185358), np.float64(261997.802626966), np.float64(10804335.3221944), np.float64(16066165.050228434), np.float64(16866247.82189798), np.float64(61439940.086084664), np.float64(8744779.501520911), np.float64(2109922.438543021), np.float64(12964.145306102931), np.float64(32392217.878665973), np.float64(6901303.333903226), np.float64(1257802.1421823024), np.float64(35650264.42464051), np.float64(5289835.539221983), np.float64(15542051.221130703), np.float64(11207.778168030865)], 'terminal_means': [np.float32(0.007974543), np.float32(0.0029483377), np.float32(-0.003774846), np.float32(-0.008373395), np.float32(-0.014091464), np.float32(-0.021586597), np.float32(-0.011599253), np.float32(0.017534852), np.float32(0.016323712), np.float32(-0.0030404916), np.float32(0.008554352), np.float32(-0.018396664), np.float32(-0.0028926544), np.float32(0.016599191), np.float32(-0.006389223), np.float32(0.010539857), np.float32(-0.01674981), np.float32(0.0360742), np.float32(-0.003324218), np.float32(-0.035728894), np.float32(-0.03581257), np.float32(-0.0055111055), np.float32(0.014644719), np.float32(0.034330897), np.float32(-0.002218358), np.float32(0.025119653), np.float32(0.014929092), np.float32(-0.0058912314), np.float32(-0.01011798), np.float32(0.0077977576), np.float32(0.004521325), np.float32(0.02491881), np.float32(0.0076143104), np.float32(0.021283042), np.float32(0.01727961), np.float32(0.036567867), np.float32(0.0069177025), np.float32(-0.006036478), np.float32(0.009827407), np.float32(0.0055907024), np.float32(0.015245238), np.float32(0.0052191596), np.float32(0.0020022588), np.float32(0.0012932485), np.float32(0.0030273348), np.float32(0.00967794), np.float32(0.0029634726), np.float32(0.0120781055), np.float32(0.0012523583), np.float32(0.009621479), np.float32(0.001336786), np.float32(0.011893581), np.float32(0.007541205), np.float32(0.0020624478), np.float32(0.0019389107), np.float32(0.01571994), np.float32(0.008569362), np.float32(-0.0013703583), np.float32(-0.017145645), np.float32(0.015274401), np.float32(0.015203259), np.float32(-0.0066602835), np.float32(-0.013039381), np.float32(-0.014829854), np.float32(0.0044656936), np.float32(1.3801735e-05), np.float32(-0.023659954), np.float32(-0.013636212), np.float32(-0.0148637695), np.float32(0.009358865), np.float32(0.018143408), np.float32(-0.0062426957), np.float32(-0.0044663907), np.float32(-0.0008101575), np.float32(-0.024323637), np.float32(-0.026543852), np.float32(-0.022875499), np.float32(0.019556027), np.float32(-0.013423703), np.float32(0.015749505), np.float32(0.006183397), np.float32(-0.002307088), np.float32(-0.0021670125), np.float32(0.0016958183), np.float32(-0.0026205154), np.float32(0.011499211), np.float32(0.027311029), np.float32(0.008259118), np.float32(0.029886588), np.float32(0.012574164), np.float32(0.017410023), np.float32(-0.0013620579), np.float32(0.0535168), np.float32(-0.010056044), np.float32(-0.024948537), np.float32(-0.0142443795), np.float32(-0.016138485), np.float32(-0.00305975), np.float32(0.0036508925), np.float32(-0.013264441)], 'terminal_vars': [np.float32(0.90868235), np.float32(0.9860213), np.float32(0.9556787), np.float32(0.9398232), np.float32(1.0022192), np.float32(0.9794223), np.float32(0.977913), np.float32(1.0222931), np.float32(0.9289844), np.float32(0.99866515), np.float32(1.0163045), np.float32(0.9993748), np.float32(0.95969623), np.float32(1.0079781), np.float32(1.0056764), np.float32(1.0200772), np.float32(0.9666207), np.float32(0.9982719), np.float32(1.0235415), np.float32(0.9623899), np.float32(0.9982838), np.float32(1.0019262), np.float32(1.024347), np.float32(0.9819195), np.float32(0.9681406), np.float32(0.9792764), np.float32(1.0059808), np.float32(1.0444348), np.float32(1.0266814), np.float32(1.039366), np.float32(0.99592644), np.float32(1.0041133), np.float32(1.0037074), np.float32(0.9922156), np.float32(1.0068336), np.float32(0.9797095), np.float32(1.0013033), np.float32(1.0346761), np.float32(0.99648035), np.float32(0.9402267), np.float32(1.0213081), np.float32(1.0163101), np.float32(1.0062689), np.float32(1.005186), np.float32(0.9843718), np.float32(1.013092), np.float32(0.9857273), np.float32(1.0008279), np.float32(0.98533964), np.float32(1.0169609), np.float32(0.9732576), np.float32(1.0096263), np.float32(1.0002594), np.float32(0.98532766), np.float32(1.0101681), np.float32(0.9917988), np.float32(0.98482966), np.float32(1.0173231), np.float32(1.0055863), np.float32(1.0027949), np.float32(1.0109415), np.float32(0.9885682), np.float32(1.0057325), np.float32(0.98830503), np.float32(1.0155865), np.float32(0.9812062), np.float32(1.0192654), np.float32(1.0126991), np.float32(0.99392974), np.float32(1.0112271), np.float32(1.0007365), np.float32(1.0150267), np.float32(0.99130654), np.float32(1.0032856), np.float32(1.0027491), np.float32(1.0047369), np.float32(0.9970772), np.float32(1.00735), np.float32(0.9960213), np.float32(0.9991684), np.float32(0.99405164), np.float32(1.0095899), np.float32(1.0122699), np.float32(1.0195862), np.float32(1.0345879), np.float32(1.0199102), np.float32(0.99693155), np.float32(0.9734976), np.float32(1.0297456), np.float32(0.9540523), np.float32(1.0126498), np.float32(0.9751477), np.float32(0.99750096), np.float32(0.9965095), np.float32(1.0533895), np.float32(0.9513906), np.float32(0.9729407), np.float32(0.9586017), np.float32(1.0135559), np.float32(0.97986305)], 'y_means': [np.float64(0.005911326002096757), np.float64(-0.021892015133053066), np.float64(0.041425266060978176), np.float64(0.039169014752842485), np.float64(-0.0029963952320395037), np.float64(0.005577095508924685), np.float64(-0.015886360134463758), np.float64(0.005812844173342455), np.float64(0.008908313396386803), np.float64(-0.001697835211380152), np.float64(-0.006498906129272655), np.float64(-0.008753391874488443), np.float64(-0.00801787271630019), np.float64(0.0008010001559159718), np.float64(0.000332937276471057), np.float64(-0.0034659120572905523), np.float64(0.007846773550845683), np.float64(0.0034472739550346887), np.float64(0.01224271747631974), np.float64(0.003512841602496337), np.float64(-0.00010267109842970968), np.float64(0.004460506995965261), np.float64(0.003943938726733904), np.float64(-0.002568078502372373), np.float64(0.0038626509928144513), np.float64(0.006442278950271429), np.float64(0.0008996492855658289), np.float64(-0.007499450303148478), np.float64(-0.004861661585164256), np.float64(-0.005334538645402062), np.float64(-0.003651490577030927), np.float64(-0.004789801490537684), np.float64(-0.0033118574693799018), np.float64(-0.003921081242297077), np.float64(0.0038714419113239276), np.float64(0.00621423372766003), np.float64(0.0022867858872814397), np.float64(0.0020537299243733285), np.float64(0.0011783831285720225), np.float64(0.005249858087336179), np.float64(-0.001987236824206775), np.float64(0.008527900313492865), np.float64(-0.004690420836850535), np.float64(-7.810111083472293e-05), np.float64(-0.000267285900808929), np.float64(0.0010632882178470027), np.float64(-0.0008391385632285165), np.float64(-0.00046258144662715496), np.float64(-0.004537664775270968), np.float64(-0.0007915154370130039), np.float64(-0.0015943222223722842), np.float64(-0.0018215080345726164), np.float64(0.0010841816946094696), np.float64(-0.004009354754816741), np.float64(-0.004315164789441042), np.float64(-0.00017557646955538076), np.float64(0.0038832553266547622), np.float64(0.0020007053381414152), np.float64(-0.0004892715105597745), np.float64(-0.0017195490037556738), np.float64(2.6945779100060464e-05), np.float64(0.0004524130927711667), np.float64(0.00023417614641402907), np.float64(-0.0018798723665167927), np.float64(-0.0005626412709898432), np.float64(0.00012862729347034473), np.float64(-8.917947812733473e-05), np.float64(0.0002461816980576259), np.float64(0.0009476339745015139), np.float64(0.0009964105060498696), np.float64(0.00040704118175199255), np.float64(-0.001332209042739123), np.float64(-0.0007527072022639914), np.float64(0.0004714395351584244), np.float64(4.934343603963498e-05), np.float64(-3.440451971982838e-05), np.float64(-0.0016354406710524926), np.float64(0.0009705415224743775), np.float64(-0.0007186849493882618), np.float64(-0.00037248863342483675), np.float64(0.000344548630528152), np.float64(-0.0005147962016235397), np.float64(-0.0005253135015300358), np.float64(0.0008734243319850066), np.float64(-0.001079820701634162), np.float64(-0.0011171951359028754), np.float64(-0.00014185291141984634), np.float64(1.9623180860435242e-05), np.float64(-0.0004164850275265053), np.float64(-0.0015552779310382902), np.float64(-0.0008030196952313418), np.float64(-5.494706101671909e-05), np.float64(0.0007465198884892743), np.float64(0.00033634231636767706), np.float64(-6.685897204079084e-05), np.float64(-0.0006655756837062654), np.float64(0.002020172839402221), np.float64(0.00033462663554701067), np.float64(-0.0004260679824074032), np.float64(-7.532904922300077e-05)], 'y_stds': [np.float64(0.030287784151732923), np.float64(0.030287784151732923), np.float64(0.02317119569402621), np.float64(0.02317119569402621), np.float64(0.018420618898262547), np.float64(0.018420618898262547), np.float64(0.02563446414191276), np.float64(0.02563446414191276), np.float64(0.01087950158515241), np.float64(0.01087950158515241), np.float64(0.0031025902577675878), np.float64(0.0031025902577675878), np.float64(0.01755180473206565), np.float64(0.01755180473206565), np.float64(0.00830908129166403), np.float64(0.00830908129166403), np.float64(0.011923487694007235), np.float64(0.011923487694007235), np.float64(0.004597531906329095), np.float64(0.004597531906329095), np.float64(0.002227613223658409), np.float64(0.002227613223658409), np.float64(0.00449469968007179), np.float64(0.00449469968007179), np.float64(0.0018484656515693131), np.float64(0.0018484656515693131), np.float64(0.004435691102411283), np.float64(0.004435691102411283), np.float64(0.0010922906585620496), np.float64(0.0010922906585620496), np.float64(0.0015844422849477268), np.float64(0.0015844422849477268), np.float64(0.00158727713046801), np.float64(0.00158727713046801), np.float64(0.0023497258988243175), np.float64(0.0023497258988243175), np.float64(0.0019299405149695303), np.float64(0.0019299405149695303), np.float64(0.0013769290994991934), np.float64(0.0013769290994991934), np.float64(0.0037178619042992976), np.float64(0.0037178619042992976), np.float64(0.0006487276742745962), np.float64(0.0006487276742745962), np.float64(0.001344076766622493), np.float64(0.001344076766622493), np.float64(0.0015175829150268782), np.float64(0.0015175829150268782), np.float64(0.0007733179806388079), np.float64(0.0007733179806388079), np.float64(0.0015330558022481), np.float64(0.0015330558022481), np.float64(0.0029483806769735567), np.float64(0.0029483806769735567), np.float64(0.001880073735383121), np.float64(0.001880073735383121), np.float64(0.0015190444240613487), np.float64(0.0015190444240613487), np.float64(0.002252055064165006), np.float64(0.002252055064165006), np.float64(0.0008097477598170144), np.float64(0.0008097477598170144), np.float64(0.0012630772888974206), np.float64(0.0012630772888974206), np.float64(0.0028749190468806774), np.float64(0.0028749190468806774), np.float64(0.0015943858625553275), np.float64(0.0015943858625553275), np.float64(0.000723585210107558), np.float64(0.000723585210107558), np.float64(0.002645286482586471), np.float64(0.002645286482586471), np.float64(0.00025021350435054044), np.float64(0.00025021350435054044), np.float64(0.0018903178499039086), np.float64(0.0018903178499039086), np.float64(0.0016069766774330673), np.float64(0.0016069766774330673), np.float64(0.0008900319810146584), np.float64(0.0008900319810146584), np.float64(0.0011883546726346595), np.float64(0.0011883546726346595), np.float64(0.001718866882297334), np.float64(0.001718866882297334), np.float64(0.0006054037556236835), np.float64(0.0006054037556236835), np.float64(0.0010414727208991792), np.float64(0.0010414727208991792), np.float64(0.0021440116013036457), np.float64(0.0021440116013036457), np.float64(0.0013578771496122498), np.float64(0.0013578771496122498), np.float64(0.0012028975416797105), np.float64(0.0012028975416797105), np.float64(0.0001537165744491631), np.float64(0.0001537165744491631), np.float64(0.0005805433361365431), np.float64(0.0005805433361365431), np.float64(0.000361501333736669), np.float64(0.000361501333736669), np.float64(0.0004767420682054535), np.float64(0.0004767420682054535), np.float64(0.00045649075084043035), np.float64(0.00045649075084043035), np.float64(0.0008992555458110018), np.float64(0.0008992555458110018), np.float64(0.0010521647079497142), np.float64(0.0010521647079497142), np.float64(0.0007471955852111023), np.float64(0.0007471955852111023), np.float64(0.0013251815381241272), np.float64(0.0013251815381241272), np.float64(0.0004024462838447107), np.float64(0.0004024462838447107), np.float64(0.000506336106902836), np.float64(0.000506336106902836), np.float64(0.00043282780585286674), np.float64(0.00043282780585286674), np.float64(0.001112972589326091), np.float64(0.001112972589326091), np.float64(0.0004511845711294882), np.float64(0.0004511845711294882), np.float64(0.0005900781287891732), np.float64(0.0005900781287891732), np.float64(0.0007144097926993709), np.float64(0.0007144097926993709), np.float64(0.00020006050131541998), np.float64(0.00020006050131541998), np.float64(0.0008532670146095711), np.float64(0.0008532670146095711), np.float64(0.00034348855539974467), np.float64(0.00034348855539974467), np.float64(0.00030022660062059006), np.float64(0.00030022660062059006), np.float64(0.0011732950309034608), np.float64(0.0011732950309034608), np.float64(0.001245201270612597), np.float64(0.001245201270612597), np.float64(0.0001495313412672772), np.float64(0.0001495313412672772), np.float64(0.0010099283514136913), np.float64(0.0010099283514136913), np.float64(0.00025847434338345467), np.float64(0.00025847434338345467), np.float64(0.00027809885846181716), np.float64(0.00027809885846181716), np.float64(0.0010462870006821845), np.float64(0.0010462870006821845), np.float64(0.0003994316163880285), np.float64(0.0003994316163880285), np.float64(0.0003703820129889834), np.float64(0.0003703820129889834), np.float64(0.00042892631796689787), np.float64(0.00042892631796689787), np.float64(0.0002124429904878866), np.float64(0.0002124429904878866), np.float64(0.0005026471630118579), np.float64(0.0005026471630118579), np.float64(0.00021501934216786367), np.float64(0.00021501934216786367), np.float64(0.00020500163127282534), np.float64(0.00020500163127282534), np.float64(0.0002513636657776885), np.float64(0.0002513636657776885), np.float64(0.0006716898972629792), np.float64(0.0006716898972629792), np.float64(0.00016241086579626084), np.float64(0.00016241086579626084), np.float64(0.0003279419078904766), np.float64(0.0003279419078904766), np.float64(0.00027023686582680287), np.float64(0.00027023686582680287), np.float64(0.00011338327254875935), np.float64(0.00011338327254875935), np.float64(0.00012021438718651467), np.float64(0.00012021438718651467), np.float64(0.00018187181462991475), np.float64(0.00018187181462991475), np.float64(0.0007693116866556693), np.float64(0.0007693116866556693), np.float64(6.0545810058556526e-05), np.float64(6.0545810058556526e-05), np.float64(0.000214181616511695), np.float64(0.000214181616511695), np.float64(0.000265434064422152), np.float64(0.000265434064422152), np.float64(2.7640777062174494e-05), np.float64(2.7640777062174494e-05), np.float64(8.055599083505172e-05), np.float64(8.055599083505172e-05), np.float64(7.535401848883794e-05), np.float64(7.535401848883794e-05), np.float64(0.00012301652836214317), np.float64(0.00012301652836214317), np.float64(6.943976592094003e-05), np.float64(6.943976592094003e-05), np.float64(0.0001863922569881993), np.float64(0.0001863922569881993), np.float64(0.0002895394239989457), np.float64(0.0002895394239989457)]}
  final_mean: -0.02665748819708824
  final_var: 0.9619196057319641
  final_trajectories: tensor([[[ 0.0000e+00],
         [ 0.0000e+00],
         [ 0.0000e+00],
         ...,
         [ 0.0000e+00],
         [ 0.0000e+00],
         [ 0.0000e+00]],

        [[ 1.5155e-01],
         [-8.4688e-02],
         [ 2.5163e-02],
         ...,
         [-1.3188e-01],
         [-7.3212e-02],
         [-4.9045e-02]],

        [[-6.2070e-02],
         [-2.4864e-01],
         [ 4.3367e-02],
         ...,
         [-2.2261e-02],
         [ 1.4332e-01],
         [-2.6854e-01]],

        ...,

        [[-6.5740e-01],
         [ 4.4105e-01],
         [ 2.5993e-01],
         ...,
         [ 1.8423e+00],
         [ 1.1088e+00],
         [ 1.3150e-01]],

        [[-5.1648e-01],
         [ 2.1907e-01],
         [ 3.2877e-01],
         ...,
         [ 1.8490e+00],
         [ 1.0459e+00],
         [ 7.3818e-02]],

        [[-3.5675e-01],
         [ 2.0339e-01],
         [ 2.2186e-01],
         ...,
         [ 1.9356e+00],
         [ 1.1874e+00],
         [ 8.6658e-04]]])

Completed: 2026-02-13T17:27:26.837535
