Experiment: 2026-02-11_13-02-13_exp_Gaussian
Started: 2026-02-11T13:02:13.440367
======================================================================

======================================================================
MFC Configuration (Iterative Backward Regression)
======================================================================
  Physics:    T=1.0, N=50, σ=1.0, dim=1
  Target:     N(1.0, 1.0)
  Target Score: mode=analytical
  Initial:    dirac at 0.0
----------------------------------------------------------------------
  Model:      hidden=64, layers=3, time_emb=16
  Training:   200 iterations × 100 epochs, batch=4096, lr=0.001
  Polyak τ:   0.5
  λ (terminal_weight): 2.0
======================================================================

[13:02:13] Initialized solver on device: cpu
[13:02:13] Number of networks: 50
[13:02:13] Polyak averaging τ: 0.5
[13:02:13] Total parameters (trainable): 428,850
[13:02:13] ======================================================================
[13:02:13] Starting Iterative Backward Regression (Polyak Averaging)
[13:02:13] ======================================================================
[13:02:13] Iterations: 200
[13:02:13] Backward epochs per step: 100
[13:02:13] Batch size: 4096
[13:02:13] Polyak τ: 0.5
[13:02:13] Polyak τ: 0.5
[13:02:13] λ (terminal_weight): 2.0
[13:02:13] Target: N(1.0, 1.0)
[13:02:13] ======================================================================
[13:02:24] Iter [  1/200] | Loss: 0.851827 | μ=0.006 (Δ=0.994), σ=1.008 (Δ=0.008) | Y_μ=-1.959, Y_σ=0.126
[13:03:03] Iter [  5/200] | Loss: 0.096387 | μ=0.651 (Δ=0.349), σ=0.933 (Δ=0.067) | Y_μ=-1.001, Y_σ=0.263
[13:03:52] Iter [ 10/200] | Loss: 0.092468 | μ=0.706 (Δ=0.294), σ=1.075 (Δ=0.075) | Y_μ=-0.684, Y_σ=0.336
[13:04:37] Iter [ 15/200] | Loss: 0.110846 | μ=0.551 (Δ=0.449), σ=0.945 (Δ=0.055) | Y_μ=-0.758, Y_σ=0.088
[13:05:26] Iter [ 20/200] | Loss: 0.096625 | μ=0.704 (Δ=0.296), σ=0.941 (Δ=0.059) | Y_μ=-0.213, Y_σ=0.166
[13:06:14] Iter [ 25/200] | Loss: 0.095847 | μ=0.284 (Δ=0.716), σ=0.969 (Δ=0.031) | Y_μ=-1.375, Y_σ=0.598
[13:07:02] Iter [ 30/200] | Loss: 0.127059 | μ=1.004 (Δ=0.004), σ=0.923 (Δ=0.077) | Y_μ=-0.048, Y_σ=0.139
[13:07:50] Iter [ 35/200] | Loss: 0.102884 | μ=0.631 (Δ=0.369), σ=0.816 (Δ=0.184) | Y_μ=-0.657, Y_σ=0.617
[13:08:37] Iter [ 40/200] | Loss: 3.455251 | μ=0.415 (Δ=0.585), σ=0.985 (Δ=0.015) | Y_μ=-1.194, Y_σ=0.014
[13:09:25] Iter [ 45/200] | Loss: 0.099875 | μ=0.865 (Δ=0.135), σ=0.985 (Δ=0.015) | Y_μ=-0.609, Y_σ=0.154
[13:10:14] Iter [ 50/200] | Loss: 1.126688 | μ=0.397 (Δ=0.603), σ=0.980 (Δ=0.020) | Y_μ=-1.134, Y_σ=0.038
[13:11:02] Iter [ 55/200] | Loss: 0.092328 | μ=0.811 (Δ=0.189), σ=1.001 (Δ=0.001) | Y_μ=-0.814, Y_σ=0.411
[13:11:50] Iter [ 60/200] | Loss: 0.093160 | μ=0.786 (Δ=0.214), σ=0.969 (Δ=0.031) | Y_μ=-0.358, Y_σ=0.183
[13:12:40] Iter [ 65/200] | Loss: 0.095819 | μ=0.671 (Δ=0.329), σ=0.889 (Δ=0.111) | Y_μ=-0.569, Y_σ=0.322
[13:13:27] Iter [ 70/200] | Loss: 0.097173 | μ=0.642 (Δ=0.358), σ=1.051 (Δ=0.051) | Y_μ=-1.193, Y_σ=0.142
[13:14:15] Iter [ 75/200] | Loss: 0.094714 | μ=0.845 (Δ=0.155), σ=0.899 (Δ=0.101) | Y_μ=-0.562, Y_σ=0.414
[13:15:04] Iter [ 80/200] | Loss: 0.123107 | μ=0.908 (Δ=0.092), σ=0.986 (Δ=0.014) | Y_μ=-0.371, Y_σ=0.090
[13:15:51] Iter [ 85/200] | Loss: 0.127162 | μ=1.048 (Δ=0.048), σ=1.039 (Δ=0.039) | Y_μ=-0.153, Y_σ=0.094
[13:16:35] Iter [ 90/200] | Loss: 0.100636 | μ=0.978 (Δ=0.022), σ=1.013 (Δ=0.013) | Y_μ=-0.112, Y_σ=0.146
[13:17:20] Iter [ 95/200] | Loss: 0.115106 | μ=0.868 (Δ=0.132), σ=1.049 (Δ=0.049) | Y_μ=-0.258, Y_σ=0.115
[13:18:03] Iter [100/200] | Loss: 0.126470 | μ=1.136 (Δ=0.136), σ=1.005 (Δ=0.005) | Y_μ=-0.146, Y_σ=0.096
[13:18:48] Iter [105/200] | Loss: 0.095524 | μ=0.658 (Δ=0.342), σ=0.931 (Δ=0.069) | Y_μ=-0.625, Y_σ=0.270
[13:19:32] Iter [110/200] | Loss: 0.104796 | μ=0.828 (Δ=0.172), σ=0.823 (Δ=0.177) | Y_μ=-0.347, Y_σ=0.167
[13:20:16] Iter [115/200] | Loss: 0.088414 | μ=0.925 (Δ=0.075), σ=1.076 (Δ=0.076) | Y_μ=-0.565, Y_σ=0.276
[13:21:00] Iter [120/200] | Loss: 0.103083 | μ=0.629 (Δ=0.371), σ=0.963 (Δ=0.037) | Y_μ=-1.053, Y_σ=0.116
[13:21:44] Iter [125/200] | Loss: 0.099855 | μ=0.807 (Δ=0.193), σ=0.925 (Δ=0.075) | Y_μ=-0.692, Y_σ=0.231
[13:22:32] Iter [130/200] | Loss: 0.099533 | μ=0.604 (Δ=0.396), σ=0.837 (Δ=0.163) | Y_μ=-0.737, Y_σ=0.497
[13:23:21] Iter [135/200] | Loss: 0.085836 | μ=0.313 (Δ=0.687), σ=1.312 (Δ=0.312) | Y_μ=-1.460, Y_σ=0.925
[13:24:12] Iter [140/200] | Loss: 0.104370 | μ=1.234 (Δ=0.234), σ=1.053 (Δ=0.053) | Y_μ=-0.032, Y_σ=0.375
[13:25:00] Iter [145/200] | Loss: 0.103338 | μ=0.716 (Δ=0.284), σ=0.846 (Δ=0.154) | Y_μ=-0.499, Y_σ=0.324
[13:25:48] Iter [150/200] | Loss: 0.124028 | μ=1.108 (Δ=0.108), σ=0.948 (Δ=0.052) | Y_μ=0.259, Y_σ=0.199
[13:26:34] Iter [155/200] | Loss: 0.085774 | μ=0.581 (Δ=0.419), σ=1.273 (Δ=0.273) | Y_μ=-0.917, Y_σ=0.703
[13:27:20] Iter [160/200] | Loss: 0.095883 | μ=0.636 (Δ=0.364), σ=1.037 (Δ=0.037) | Y_μ=-0.869, Y_σ=0.252
[13:28:08] Iter [165/200] | Loss: 0.099485 | μ=0.455 (Δ=0.545), σ=0.883 (Δ=0.117) | Y_μ=-1.307, Y_σ=0.247
[13:28:57] Iter [170/200] | Loss: 0.101942 | μ=0.198 (Δ=0.802), σ=0.983 (Δ=0.017) | Y_μ=-1.319, Y_σ=0.314
[13:29:48] Iter [175/200] | Loss: 0.316089 | μ=0.608 (Δ=0.392), σ=0.910 (Δ=0.090) | Y_μ=-0.762, Y_σ=0.102
[13:30:40] Iter [180/200] | Loss: 0.109683 | μ=1.074 (Δ=0.074), σ=0.998 (Δ=0.002) | Y_μ=0.049, Y_σ=0.092
[13:31:30] Iter [185/200] | Loss: 0.089540 | μ=0.766 (Δ=0.234), σ=1.109 (Δ=0.109) | Y_μ=-0.594, Y_σ=0.175
[13:32:24] Iter [190/200] | Loss: 0.136400 | μ=0.744 (Δ=0.256), σ=0.928 (Δ=0.072) | Y_μ=-0.680, Y_σ=0.110
[13:33:15] Iter [195/200] | Loss: 0.100571 | μ=0.988 (Δ=0.012), σ=0.824 (Δ=0.176) | Y_μ=0.010, Y_σ=0.363
[13:34:04] Iter [200/200] | Loss: 0.101435 | μ=0.667 (Δ=0.333), σ=1.100 (Δ=0.100) | Y_μ=-0.292, Y_σ=0.370
[13:34:04] ======================================================================
[13:34:04] Training Complete! Evaluating with target networks...
[13:34:04] Final Mean: 0.2346 (target: 1.0)
[13:34:04] Final Std:  0.8598 (target: 1.0)
[13:34:04] ======================================================================
