Experiment: 2026-02-10_21-35-47_mfc_backward_regression
Started: 2026-02-10T21:35:47.798840
======================================================================

======================================================================
MFC Configuration (Iterative Backward Regression)
======================================================================
  Physics:    T=2.0, N=50, σ=1.0, dim=1
  Target:     N(1.0, 1.0)
  Target Score: mode=analytical
  Initial:    dirac at 0.0
----------------------------------------------------------------------
  Model:      hidden=64, layers=3, time_emb=16
  Training:   100 iterations × 100 epochs, batch=4096, lr=0.001
  Polyak τ:   0.1
  λ (terminal_weight): 2.0
======================================================================

[21:35:47] Initialized solver on device: cpu
[21:35:47] Number of networks: 50
[21:35:47] Polyak averaging τ: 0.1
[21:35:47] Total parameters (trainable): 428,850
[21:35:47] ======================================================================
[21:35:47] Starting Iterative Backward Regression (Polyak Averaging)
[21:35:47] ======================================================================
[21:35:47] Iterations: 100
[21:35:47] Backward epochs per step: 100
[21:35:47] Batch size: 4096
[21:35:47] Polyak τ: 0.1
[21:35:47] Polyak τ: 0.1
[21:35:47] λ (terminal_weight): 2.0
[21:35:47] Target: N(1.0, 1.0)
[21:35:47] ======================================================================
[21:35:57] Iter [  1/100] | Loss: 0.091283 | μ=0.031 (Δ=0.969), σ=1.333 (Δ=0.333) | Y_μ=-2.012, Y_σ=0.956
[21:36:31] Iter [  5/100] | Loss: 0.117101 | μ=0.812 (Δ=0.188), σ=1.058 (Δ=0.058) | Y_μ=-0.341, Y_σ=0.163
[21:37:14] Iter [ 10/100] | Loss: 0.101488 | μ=0.752 (Δ=0.248), σ=1.087 (Δ=0.087) | Y_μ=-0.635, Y_σ=0.246
[21:37:59] Iter [ 15/100] | Loss: 0.103064 | μ=0.751 (Δ=0.249), σ=1.051 (Δ=0.051) | Y_μ=-0.872, Y_σ=0.172
[21:38:43] Iter [ 20/100] | Loss: 0.099920 | μ=0.759 (Δ=0.241), σ=1.055 (Δ=0.055) | Y_μ=-0.160, Y_σ=0.193
[21:39:25] Iter [ 25/100] | Loss: 0.100227 | μ=0.898 (Δ=0.102), σ=1.095 (Δ=0.095) | Y_μ=-0.089, Y_σ=0.423
[21:40:07] Iter [ 30/100] | Loss: 0.099297 | μ=0.794 (Δ=0.206), σ=1.119 (Δ=0.119) | Y_μ=-0.554, Y_σ=0.467
[21:40:52] Iter [ 35/100] | Loss: 0.099995 | μ=0.781 (Δ=0.219), σ=1.086 (Δ=0.086) | Y_μ=-0.638, Y_σ=0.287
[21:41:38] Iter [ 40/100] | Loss: 0.102655 | μ=0.727 (Δ=0.273), σ=1.047 (Δ=0.047) | Y_μ=-0.169, Y_σ=0.199
[21:42:20] Iter [ 45/100] | Loss: 1.888976 | μ=0.758 (Δ=0.242), σ=1.052 (Δ=0.052) | Y_μ=-0.329, Y_σ=0.006
[21:43:12] Iter [ 50/100] | Loss: 0.098205 | μ=0.680 (Δ=0.320), σ=1.110 (Δ=0.110) | Y_μ=-0.694, Y_σ=0.417
[21:44:02] Iter [ 55/100] | Loss: 0.099853 | μ=0.712 (Δ=0.288), σ=1.056 (Δ=0.056) | Y_μ=-0.381, Y_σ=0.427
[21:44:54] Iter [ 60/100] | Loss: 0.097550 | μ=0.860 (Δ=0.140), σ=1.103 (Δ=0.103) | Y_μ=-0.135, Y_σ=0.640
[21:45:46] Iter [ 65/100] | Loss: 0.093735 | μ=0.710 (Δ=0.290), σ=1.195 (Δ=0.195) | Y_μ=-0.533, Y_σ=0.611
[21:46:37] Iter [ 70/100] | Loss: 0.100777 | μ=0.680 (Δ=0.320), σ=1.052 (Δ=0.052) | Y_μ=-0.709, Y_σ=0.214
[21:47:26] Iter [ 75/100] | Loss: 0.101231 | μ=0.693 (Δ=0.307), σ=1.133 (Δ=0.133) | Y_μ=-0.520, Y_σ=0.161
[21:48:13] Iter [ 80/100] | Loss: 0.095878 | μ=0.880 (Δ=0.120), σ=1.166 (Δ=0.166) | Y_μ=0.178, Y_σ=0.739
[21:49:03] Iter [ 85/100] | Loss: 0.099866 | μ=0.796 (Δ=0.204), σ=1.073 (Δ=0.073) | Y_μ=0.023, Y_σ=0.317
[21:49:56] Iter [ 90/100] | Loss: 0.103855 | μ=1.006 (Δ=0.006), σ=1.061 (Δ=0.061) | Y_μ=-0.052, Y_σ=0.210
[21:50:50] Iter [ 95/100] | Loss: 0.104040 | μ=0.685 (Δ=0.315), σ=1.107 (Δ=0.107) | Y_μ=-0.650, Y_σ=0.221
[21:51:42] Iter [100/100] | Loss: 0.101072 | μ=0.837 (Δ=0.163), σ=1.113 (Δ=0.113) | Y_μ=-0.205, Y_σ=0.173
[21:51:42] ======================================================================
[21:51:42] Training Complete! Evaluating with target networks...
[21:51:42] Final Mean: 0.8371 (target: 1.0)
[21:51:42] Final Std:  1.1375 (target: 1.0)
[21:51:42] ======================================================================
[21:51:43] Saved plot: trajectories.png
[21:51:43] Saved plot: terminal_distribution.png
[21:51:43] Saved plot: statistics_evolution.png
[21:51:43] Saved all visualization plots

======================================================================
FINAL RESULTS
======================================================================
  history: {'iteration_losses': [np.float64(0.09128280691802501), np.float64(0.09337666761130095), np.float64(0.09585398279130458), np.float64(0.09967091217637063), np.float64(0.11710149198770523), np.float64(0.12177590183913707), np.float64(0.10091812521219254), np.float64(0.09975597098469734), np.float64(0.10915125109255314), np.float64(0.10148825712502002), np.float64(0.09993454866111279), np.float64(0.10383359044790268), np.float64(0.10021391987800599), np.float64(0.10079048685729504), np.float64(0.10306351281702518), np.float64(0.10028712227940559), np.float64(0.1156626982241869), np.float64(0.09922943592071533), np.float64(0.11966603837907314), np.float64(0.09991974584758281), np.float64(0.13384318739175796), np.float64(0.09725822858512402), np.float64(0.22494680240750312), np.float64(0.10469620481133461), np.float64(0.10022706471383572), np.float64(0.09818320833146572), np.float64(0.09874421708285809), np.float64(0.10182565577328205), np.float64(0.1102629178762436), np.float64(0.09929650492966174), np.float64(0.10050136886537075), np.float64(0.09919448338449001), np.float64(0.09898774169385433), np.float64(0.2937169612944126), np.float64(0.0999950860440731), np.float64(0.1002323105186224), np.float64(0.17488618120551108), np.float64(0.09611127540469169), np.float64(0.10579057298600673), np.float64(0.10265541784465312), np.float64(0.11810790322721004), np.float64(0.09791292406618596), np.float64(0.10641862161457538), np.float64(0.112356411293149), np.float64(1.888975764811039), np.float64(0.09627756327390671), np.float64(0.16559905268251895), np.float64(0.10096393525600433), np.float64(0.10853115543723106), np.float64(0.09820496775209904), np.float64(0.17309092953801156), np.float64(0.10404978029429912), np.float64(0.1010339043289423), np.float64(0.11959069669246673), np.float64(0.09985255055129529), np.float64(0.10531294882297516), np.float64(0.11980058737099171), np.float64(0.12094950832426549), np.float64(0.24154337450861932), np.float64(0.09755035512149333), np.float64(0.6116282626986503), np.float64(0.10119341537356377), np.float64(0.09615449272096158), np.float64(0.09726816687732935), np.float64(0.09373514872044325), np.float64(0.09705294258892536), np.float64(0.09641139317303896), np.float64(0.10094361461699008), np.float64(0.10049606062471866), np.float64(0.10077732726931572), np.float64(0.15192265585064887), np.float64(0.10348297491669654), np.float64(0.1714088049530983), np.float64(0.12228484533727169), np.float64(0.10123059950768948), np.float64(0.09465917151421309), np.float64(0.09663278304040432), np.float64(0.11067080795764923), np.float64(0.09734718967229128), np.float64(0.09587820068001747), np.float64(0.0957851355150342), np.float64(0.09842779979109764), np.float64(0.0979960735142231), np.float64(0.09670917056500912), np.float64(0.09986574456095695), np.float64(0.10604526311159133), np.float64(0.10255763635039329), np.float64(0.11339189596474171), np.float64(0.14077283844351768), np.float64(0.10385526649653912), np.float64(0.09840685598552228), np.float64(0.1970651379227638), np.float64(0.1416838113218546), np.float64(0.09801453314721584), np.float64(0.10403997793793679), np.float64(0.1122569452226162), np.float64(0.10001911379396916), np.float64(0.10240514703094959), np.float64(0.09851252093911171), np.float64(0.10107233382761478)], 'terminal_means': [np.float32(0.031295724), np.float32(0.38358638), np.float32(0.5682071), np.float32(0.7320993), np.float32(0.8121947), np.float32(0.79302657), np.float32(0.81515193), np.float32(0.8311852), np.float32(0.8143227), np.float32(0.7520226), np.float32(0.8109272), np.float32(0.76430106), np.float32(0.7451571), np.float32(0.7316423), np.float32(0.7506161), np.float32(0.8271511), np.float32(0.74563885), np.float32(0.83830184), np.float32(0.77200913), np.float32(0.7590427), np.float32(0.7312192), np.float32(0.7075763), np.float32(0.808933), np.float32(0.8919863), np.float32(0.8978498), np.float32(0.89705896), np.float32(0.8638906), np.float32(0.83082616), np.float32(0.79529274), np.float32(0.7937483), np.float32(0.8242692), np.float32(0.8339884), np.float32(0.8007345), np.float32(0.7903264), np.float32(0.78144675), np.float32(0.8758416), np.float32(0.83057445), np.float32(0.8691517), np.float32(0.8219939), np.float32(0.7272296), np.float32(0.68152887), np.float32(0.7861179), np.float32(0.7619178), np.float32(0.743435), np.float32(0.7582671), np.float32(0.8394687), np.float32(0.7946263), np.float32(0.860556), np.float32(0.763839), np.float32(0.680165), np.float32(0.6997781), np.float32(0.70267034), np.float32(0.6600386), np.float32(0.68768036), np.float32(0.7119657), np.float32(0.7195269), np.float32(0.74677587), np.float32(0.75223505), np.float32(0.7554116), np.float32(0.8604354), np.float32(0.81001437), np.float32(0.83248794), np.float32(0.9660659), np.float32(0.8249042), np.float32(0.7099227), np.float32(0.6298526), np.float32(0.58699113), np.float32(0.59841454), np.float32(0.6068532), np.float32(0.6799485), np.float32(0.7307057), np.float32(0.64895195), np.float32(0.7239375), np.float32(0.6466044), np.float32(0.6930162), np.float32(0.7441429), np.float32(0.7593378), np.float32(0.8273007), np.float32(0.828561), np.float32(0.87968445), np.float32(0.8161231), np.float32(0.7922026), np.float32(0.8097024), np.float32(0.8295501), np.float32(0.7956883), np.float32(0.76803064), np.float32(0.7721241), np.float32(0.8564272), np.float32(0.91975623), np.float32(1.0055947), np.float32(0.9564562), np.float32(0.8110064), np.float32(0.8694966), np.float32(0.783321), np.float32(0.68496835), np.float32(0.6986735), np.float32(0.74516463), np.float32(0.70975316), np.float32(0.8533009), np.float32(0.8366579)], 'terminal_vars': [np.float32(1.7779908), np.float32(1.4904605), np.float32(1.2438011), np.float32(1.133877), np.float32(1.1189502), np.float32(1.1260699), np.float32(1.1579816), np.float32(1.194614), np.float32(1.0478162), np.float32(1.1822703), np.float32(1.2088408), np.float32(1.1945893), np.float32(1.1812489), np.float32(1.1588986), np.float32(1.1050913), np.float32(1.1423478), np.float32(1.0752982), np.float32(1.1447027), np.float32(1.1702194), np.float32(1.1126723), np.float32(1.1877447), np.float32(1.222111), np.float32(1.2204945), np.float32(1.2138969), np.float32(1.1980088), np.float32(1.1688838), np.float32(1.176667), np.float32(1.188046), np.float32(1.1833481), np.float32(1.2514298), np.float32(1.134763), np.float32(1.1478852), np.float32(1.1128451), np.float32(1.0864495), np.float32(1.1794031), np.float32(1.1501409), np.float32(1.1604385), np.float32(1.2261841), np.float32(1.1618154), np.float32(1.0964743), np.float32(1.1828424), np.float32(1.1874229), np.float32(1.1258807), np.float32(1.1211863), np.float32(1.1061811), np.float32(1.2120602), np.float32(1.1518563), np.float32(1.2303739), np.float32(1.1994816), np.float32(1.2316933), np.float32(1.1394777), np.float32(1.1956749), np.float32(1.1486368), np.float32(1.0954577), np.float32(1.114661), np.float32(1.0594257), np.float32(1.0317694), np.float32(1.120187), np.float32(1.1680443), np.float32(1.2171545), np.float32(1.1824718), np.float32(1.2407849), np.float32(1.4003024), np.float32(1.414089), np.float32(1.4287637), np.float32(1.331993), np.float32(1.2941704), np.float32(1.2152483), np.float32(1.1171323), np.float32(1.1058164), np.float32(1.0880079), np.float32(1.1436694), np.float32(1.1515604), np.float32(1.206089), np.float32(1.2846998), np.float32(1.3318613), np.float32(1.3183067), np.float32(1.2784895), np.float32(1.3743854), np.float32(1.3598428), np.float32(1.2977393), np.float32(1.297559), np.float32(1.236397), np.float32(1.1889935), np.float32(1.1508546), np.float32(1.0987886), np.float32(1.0752195), np.float32(1.0423334), np.float32(1.1155487), np.float32(1.124794), np.float32(1.1789739), np.float32(1.1015909), np.float32(1.1676855), np.float32(1.2207415), np.float32(1.2248912), np.float32(1.0941746), np.float32(1.1347616), np.float32(1.0790201), np.float32(1.2317753), np.float32(1.2392852)], 'y_means': [np.float64(-2.0119361209869386), np.float64(-1.2469406270980834), np.float64(-0.891995484828949), np.float64(-0.5674437236785889), np.float64(-0.3407347267866135), np.float64(-0.419616094827652), np.float64(-0.3829868882894516), np.float64(-0.21285228192806244), np.float64(-0.11277925044298172), np.float64(-0.6352465164661407), np.float64(-0.3115508967638016), np.float64(-0.16202409699559212), np.float64(-0.3821619021892548), np.float64(-0.8095076143741607), np.float64(-0.872180106639862), np.float64(-0.14007899940013885), np.float64(-0.5127082359790802), np.float64(-0.20001853436231612), np.float64(-0.53345339179039), np.float64(-0.16027650624513626), np.float64(-0.1644800554215908), np.float64(-0.5896261155605316), np.float64(-0.5916131138801575), np.float64(-0.42825149416923525), np.float64(-0.08878632321953774), np.float64(-0.12384375065565109), np.float64(-0.31210299968719485), np.float64(-0.2465907084941864), np.float64(-0.34287360846996306), np.float64(-0.5538376128673553), np.float64(-0.24446630358695984), np.float64(-0.3347465568780899), np.float64(-0.20113661348819734), np.float64(-0.486966045498848), np.float64(-0.6378987002372741), np.float64(-0.027220682092010975), np.float64(-0.5825739097595215), np.float64(-0.08722003549337387), np.float64(0.1448945063352585), np.float64(-0.16879033654928208), np.float64(-1.2236304879188538), np.float64(-0.3907246953248978), np.float64(-0.3499066984653473), np.float64(-0.4616387045383453), np.float64(-0.3292205691337585), np.float64(-0.24818960458040237), np.float64(-0.5877265799045562), np.float64(-0.08457141637802124), np.float64(0.06156650334596634), np.float64(-0.6936902737617493), np.float64(-0.17700870737433433), np.float64(-0.5015831929445267), np.float64(-0.9342921638488769), np.float64(-0.7657607758045196), np.float64(-0.3812610042095184), np.float64(-0.6533038413524628), np.float64(-0.17646493762731552), np.float64(-0.538739824295044), np.float64(-0.8257560193538666), np.float64(-0.13536447525024414), np.float64(-0.5075602120161057), np.float64(-0.99001131772995), np.float64(0.20412619590759276), np.float64(-0.22381066501140595), np.float64(-0.5327882862091065), np.float64(-1.1229326629638672), np.float64(-1.0412772250175477), np.float64(-0.8179104423522949), np.float64(-0.8216828906536102), np.float64(-0.7094314920902253), np.float64(0.07515954077243805), np.float64(-0.7043400192260743), np.float64(-0.2810020652413368), np.float64(-0.7761321413516998), np.float64(-0.5200902777910232), np.float64(-0.42242487013339997), np.float64(-0.5356031668186187), np.float64(-0.6652850914001465), np.float64(-0.4434196388721466), np.float64(0.17798937618732452), np.float64(-0.2662185662984848), np.float64(-0.3683363878726959), np.float64(-0.46728526055812836), np.float64(-0.09308853939175606), np.float64(0.023364027999341487), np.float64(-0.35455967009067535), np.float64(-0.91848308801651), np.float64(-0.2938510373234749), np.float64(-0.6543796455860138), np.float64(-0.05239406010368839), np.float64(0.40876296937465667), np.float64(-0.4915248256921768), np.float64(-0.2420921340584755), np.float64(-0.09893808335065842), np.float64(-0.6503034472465515), np.float64(-0.6051184594631195), np.float64(-0.1609401696920395), np.float64(-0.6655299651622772), np.float64(-0.16362100958824158), np.float64(-0.2045323905348778)], 'y_stds': [np.float64(0.9563180947312503), np.float64(0.9563180947312503), np.float64(0.598890292943106), np.float64(0.598890292943106), np.float64(0.4053575092557003), np.float64(0.4053575092557003), np.float64(0.2861816187950899), np.float64(0.2861816187950899), np.float64(0.16276969730854035), np.float64(0.16276969730854035), np.float64(0.08977224443107844), np.float64(0.08977224443107844), np.float64(0.314218236133529), np.float64(0.314218236133529), np.float64(0.31194039762027387), np.float64(0.31194039762027387), np.float64(0.08880149208009243), np.float64(0.08880149208009243), np.float64(0.2457293214648962), np.float64(0.2457293214648962), np.float64(0.18344890162356023), np.float64(0.18344890162356023), np.float64(0.1644151996076107), np.float64(0.1644151996076107), np.float64(0.579276104718665), np.float64(0.579276104718665), np.float64(0.39616516441106797), np.float64(0.39616516441106797), np.float64(0.1718122072154074), np.float64(0.1718122072154074), np.float64(0.284704395830704), np.float64(0.284704395830704), np.float64(0.12123921342223185), np.float64(0.12123921342223185), np.float64(0.2588262036443848), np.float64(0.2588262036443848), np.float64(0.1530334541578486), np.float64(0.1530334541578486), np.float64(0.1925526130200524), np.float64(0.1925526130200524), np.float64(0.07187183607369661), np.float64(0.07187183607369661), np.float64(0.5490863829855516), np.float64(0.5490863829855516), np.float64(0.06075220262646326), np.float64(0.06075220262646326), np.float64(0.2678545940671029), np.float64(0.2678545940671029), np.float64(0.4228879363835404), np.float64(0.4228879363835404), np.float64(0.33703940942885313), np.float64(0.33703940942885313), np.float64(0.38923010349280956), np.float64(0.38923010349280956), np.float64(0.1721398478001356), np.float64(0.1721398478001356), np.float64(0.09949796952329053), np.float64(0.09949796952329053), np.float64(0.4667737215761736), np.float64(0.4667737215761736), np.float64(0.21109765864919608), np.float64(0.21109765864919608), np.float64(0.313371818959713), np.float64(0.313371818959713), np.float64(0.28465479001421046), np.float64(0.28465479001421046), np.float64(0.031259573791612635), np.float64(0.031259573791612635), np.float64(0.2869166719916393), np.float64(0.2869166719916393), np.float64(0.3354995898530024), np.float64(0.3354995898530024), np.float64(0.14202703258022667), np.float64(0.14202703258022667), np.float64(0.4895617687702179), np.float64(0.4895617687702179), np.float64(0.14892391879122444), np.float64(0.14892391879122444), np.float64(0.1994873005897898), np.float64(0.1994873005897898), np.float64(0.19183892127126456), np.float64(0.19183892127126456), np.float64(0.43923128858230487), np.float64(0.43923128858230487), np.float64(0.15406004019088868), np.float64(0.15406004019088868), np.float64(0.1398372041439143), np.float64(0.1398372041439143), np.float64(0.005890668734209612), np.float64(0.005890668734209612), np.float64(0.5041104027630354), np.float64(0.5041104027630354), np.float64(0.061579990508034824), np.float64(0.061579990508034824), np.float64(0.3147925943136397), np.float64(0.3147925943136397), np.float64(0.1780718235671611), np.float64(0.1780718235671611), np.float64(0.41715268507628933), np.float64(0.41715268507628933), np.float64(0.1125035122223926), np.float64(0.1125035122223926), np.float64(0.3377708500623703), np.float64(0.3377708500623703), np.float64(0.40606573090029996), np.float64(0.40606573090029996), np.float64(0.10434127589731361), np.float64(0.10434127589731361), np.float64(0.42740139678135164), np.float64(0.42740139678135164), np.float64(0.1465310635791684), np.float64(0.1465310635791684), np.float64(0.08651023827496829), np.float64(0.08651023827496829), np.float64(0.08558297466515796), np.float64(0.08558297466515796), np.float64(0.06958090117244865), np.float64(0.06958090117244865), np.float64(0.6397352394462359), np.float64(0.6397352394462359), np.float64(0.02926517641215469), np.float64(0.02926517641215469), np.float64(0.21297764934628505), np.float64(0.21297764934628505), np.float64(0.4499424074590206), np.float64(0.4499424074590206), np.float64(0.5016976599396002), np.float64(0.5016976599396002), np.float64(0.6112078972160816), np.float64(0.6112078972160816), np.float64(0.44100138142704964), np.float64(0.44100138142704964), np.float64(0.43409684702841334), np.float64(0.43409684702841334), np.float64(0.3608520588283136), np.float64(0.3608520588283136), np.float64(0.27565889097793844), np.float64(0.27565889097793844), np.float64(0.21358920365571976), np.float64(0.21358920365571976), np.float64(0.10062749393287504), np.float64(0.10062749393287504), np.float64(0.21061964385255125), np.float64(0.21061964385255125), np.float64(0.1165487106891669), np.float64(0.1165487106891669), np.float64(0.10648073956399458), np.float64(0.10648073956399458), np.float64(0.16057139035343426), np.float64(0.16057139035343426), np.float64(0.47824978455908423), np.float64(0.47824978455908423), np.float64(0.6041889776290919), np.float64(0.6041889776290919), np.float64(0.0907117921859026), np.float64(0.0907117921859026), np.float64(0.5003606645765831), np.float64(0.5003606645765831), np.float64(0.7394218364358313), np.float64(0.7394218364358313), np.float64(0.3425088548662461), np.float64(0.3425088548662461), np.float64(0.5231670530142583), np.float64(0.5231670530142583), np.float64(0.44017129063613536), np.float64(0.44017129063613536), np.float64(0.5180934968591282), np.float64(0.5180934968591282), np.float64(0.31650864932687456), np.float64(0.31650864932687456), np.float64(0.15189009733512648), np.float64(0.15189009733512648), np.float64(0.1960796859115362), np.float64(0.1960796859115362), np.float64(0.11810349520303134), np.float64(0.11810349520303134), np.float64(0.0989776346088911), np.float64(0.0989776346088911), np.float64(0.20990544624632093), np.float64(0.20990544624632093), np.float64(0.5490535905957222), np.float64(0.5490535905957222), np.float64(0.04559122305377969), np.float64(0.04559122305377969), np.float64(0.044375485349519295), np.float64(0.044375485349519295), np.float64(0.5964143209159738), np.float64(0.5964143209159738), np.float64(0.2212243161351944), np.float64(0.2212243161351944), np.float64(0.06955111538991332), np.float64(0.06955111538991332), np.float64(0.48313731580979946), np.float64(0.48313731580979946), np.float64(0.3760263578593731), np.float64(0.3760263578593731), np.float64(0.31267687037587166), np.float64(0.31267687037587166), np.float64(0.17270278736963518), np.float64(0.17270278736963518)]}
  final_mean: 0.8371046781539917
  final_var: 1.2938486337661743
  final_trajectories: tensor([[[ 0.0000],
         [ 0.0000],
         [ 0.0000],
         ...,
         [ 0.0000],
         [ 0.0000],
         [ 0.0000]],

        [[ 0.2229],
         [-0.1112],
         [ 0.0441],
         ...,
         [-0.1780],
         [-0.0950],
         [-0.0608]],

        [[-0.0692],
         [-0.3310],
         [ 0.0810],
         ...,
         [-0.0105],
         [ 0.2232],
         [-0.3595]],

        ...,

        [[-0.0343],
         [ 1.4234],
         [ 1.2111],
         ...,
         [ 3.0190],
         [ 2.2675],
         [ 1.1208]],

        [[ 0.1909],
         [ 1.1263],
         [ 1.3267],
         ...,
         [ 3.0269],
         [ 2.1879],
         [ 1.0581]],

        [[ 0.4351],
         [ 1.1047],
         [ 1.1722],
         ...,
         [ 3.1138],
         [ 2.3680],
         [ 0.9568]]])

Completed: 2026-02-10T21:51:48.533566
