Experiment: 2026-02-11_01-29-46_exp_Gaussian
Started: 2026-02-11T01:29:46.707918
======================================================================

======================================================================
MFC Configuration (Iterative Backward Regression)
======================================================================
  Physics:    T=1.0, N=50, σ=1.0, dim=1
  Target:     N(1.0, 1.0)
  Target Score: mode=analytical
  Initial:    dirac at 0.0
----------------------------------------------------------------------
  Model:      hidden=64, layers=3, time_emb=16
  Training:   100 iterations × 100 epochs, batch=4096, lr=0.001
  Polyak τ:   0.5
  λ (terminal_weight): 2.0
======================================================================

[01:29:46] Initialized solver on device: cpu
[01:29:46] Number of networks: 50
[01:29:46] Polyak averaging τ: 0.5
[01:29:46] Total parameters (trainable): 428,850
[01:29:46] ======================================================================
[01:29:46] Starting Iterative Backward Regression (Polyak Averaging)
[01:29:46] ======================================================================
[01:29:46] Iterations: 100
[01:29:46] Backward epochs per step: 100
[01:29:46] Batch size: 4096
[01:29:46] Polyak τ: 0.5
[01:29:46] Polyak τ: 0.5
[01:29:46] λ (terminal_weight): 2.0
[01:29:46] Target: N(1.0, 1.0)
[01:29:46] ======================================================================
[01:29:56] Iter [  1/100] | Loss: 0.718877 | μ=0.012 (Δ=0.988), σ=0.993 (Δ=0.007) | Y_μ=-1.975, Y_σ=0.061
[01:30:28] Iter [  5/100] | Loss: 0.087670 | μ=0.591 (Δ=0.409), σ=1.164 (Δ=0.164) | Y_μ=-0.784, Y_σ=0.488
[01:31:09] Iter [ 10/100] | Loss: 0.374585 | μ=0.113 (Δ=0.887), σ=0.971 (Δ=0.029) | Y_μ=-1.488, Y_σ=0.070
[01:31:50] Iter [ 15/100] | Loss: 0.094045 | μ=0.691 (Δ=0.309), σ=0.940 (Δ=0.060) | Y_μ=-0.591, Y_σ=0.286
[01:32:31] Iter [ 20/100] | Loss: 0.153872 | μ=0.984 (Δ=0.016), σ=1.029 (Δ=0.029) | Y_μ=-0.132, Y_σ=0.045
[01:33:12] Iter [ 25/100] | Loss: 0.097754 | μ=0.632 (Δ=0.368), σ=0.819 (Δ=0.181) | Y_μ=-0.517, Y_σ=0.376
[01:33:52] Iter [ 30/100] | Loss: 0.109849 | μ=0.703 (Δ=0.297), σ=0.924 (Δ=0.076) | Y_μ=-0.539, Y_σ=0.155
[01:34:34] Iter [ 35/100] | Loss: 0.088527 | μ=0.658 (Δ=0.342), σ=1.062 (Δ=0.062) | Y_μ=-0.874, Y_σ=0.301
[01:35:14] Iter [ 40/100] | Loss: 0.114041 | μ=0.992 (Δ=0.008), σ=1.028 (Δ=0.028) | Y_μ=0.354, Y_σ=0.201
[01:35:55] Iter [ 45/100] | Loss: 0.085907 | μ=1.096 (Δ=0.096), σ=1.195 (Δ=0.195) | Y_μ=0.221, Y_σ=0.734
[01:36:35] Iter [ 50/100] | Loss: 0.099810 | μ=0.229 (Δ=0.771), σ=0.933 (Δ=0.067) | Y_μ=-1.426, Y_σ=0.404
[01:37:16] Iter [ 55/100] | Loss: 0.112397 | μ=0.511 (Δ=0.489), σ=0.873 (Δ=0.127) | Y_μ=-0.684, Y_σ=0.140
[01:37:56] Iter [ 60/100] | Loss: 0.112213 | μ=0.416 (Δ=0.584), σ=0.945 (Δ=0.055) | Y_μ=-1.336, Y_σ=0.127
[01:38:36] Iter [ 65/100] | Loss: 0.101639 | μ=1.243 (Δ=0.243), σ=0.963 (Δ=0.037) | Y_μ=0.489, Y_σ=0.363
[01:39:16] Iter [ 70/100] | Loss: 0.149965 | μ=0.898 (Δ=0.102), σ=1.030 (Δ=0.030) | Y_μ=-0.076, Y_σ=0.088
[01:39:56] Iter [ 75/100] | Loss: 0.098069 | μ=0.302 (Δ=0.698), σ=0.904 (Δ=0.096) | Y_μ=-1.528, Y_σ=0.318
[01:40:36] Iter [ 80/100] | Loss: 0.111398 | μ=1.212 (Δ=0.212), σ=0.955 (Δ=0.045) | Y_μ=0.677, Y_σ=0.192
[01:41:16] Iter [ 85/100] | Loss: 0.115107 | μ=1.006 (Δ=0.006), σ=0.938 (Δ=0.062) | Y_μ=-0.084, Y_σ=0.159
[01:41:56] Iter [ 90/100] | Loss: 0.138870 | μ=0.763 (Δ=0.237), σ=1.004 (Δ=0.004) | Y_μ=-0.848, Y_σ=0.069
[01:42:38] Iter [ 95/100] | Loss: 0.088837 | μ=0.743 (Δ=0.257), σ=1.053 (Δ=0.053) | Y_μ=-0.427, Y_σ=0.335
[01:43:17] Iter [100/100] | Loss: 0.086508 | μ=0.736 (Δ=0.264), σ=1.166 (Δ=0.166) | Y_μ=-0.591, Y_σ=0.324
[01:43:17] ======================================================================
[01:43:17] Training Complete! Evaluating with target networks...
[01:43:17] Final Mean: 0.9172 (target: 1.0)
[01:43:17] Final Std:  0.9844 (target: 1.0)
[01:43:17] ======================================================================
